Component: ARM Compiler 5.06 update 6 (build 750) Tool: armlink [4d35ed]

==============================================================================

Section Cross References

    main.o(i.main) refers to sys.o(i.Stm32_Clock_Init) for Stm32_Clock_Init
    main.o(i.main) refers to delay.o(i.delay_init) for delay_init
    main.o(i.main) refers to hx711.o(i.hx711_init) for hx711_init
    main.o(i.main) refers to usart.o(i.uart_init) for uart_init
    main.o(i.main) refers to rs485.o(i.RS485_Init) for RS485_Init
    main.o(i.main) refers to rs485.o(i.RS485_Init2) for RS485_Init2
    main.o(i.main) refers to usart45.o(i.uart4_init) for uart4_init
    main.o(i.main) refers to usart45.o(i.uart5_init) for uart5_init
    main.o(i.main) refers to noretval__2printf.o(.text) for __2printf
    main.o(i.main) refers to jy901.o(i.read_Imu) for read_Imu
    main.o(i.main) refers to jy901.o(i.imu_find_point) for imu_find_point
    main.o(i.main) refers to jy901.o(i.imu_find_point2) for imu_find_point2
    main.o(i.main) refers to thread_mw.o(i.send_ANO) for send_ANO
    main.o(i.main) refers to thread_mw.o(i.com_F7) for com_F7
    main.o(i.main) refers to hx711.o(i.read_Hx711) for read_Hx711
    main.o(i.main) refers to usmart_config.o(.data) for usmart_dev
    thread_mw.o(i.com_F7) refers to thread_mw.o(i.generatrForce) for generatrForce
    thread_mw.o(i.com_F7) refers to thread_mw.o(i.generatrForce2) for generatrForce2
    thread_mw.o(i.com_F7) refers to thread_mw.o(i.send_F7) for send_F7
    thread_mw.o(i.com_F7) refers to jy901.o(.bss) for stcIMU
    thread_mw.o(i.com_F7) refers to jy901.o(.data) for state_F
    thread_mw.o(i.com_F7) refers to ano.o(.bss) for ano_o_F2
    thread_mw.o(i.com_F7) refers to thread_mw.o(.data) for target_N
    thread_mw.o(i.generatrForce) refers to thread_mw.o(.data) for max_angle
    thread_mw.o(i.generatrForce2) refers to thread_mw.o(.data) for max_angle
    thread_mw.o(i.send_ANO) refers to ano.o(i.ANO_send) for ANO_send
    thread_mw.o(i.send_ANO) refers to thread_mw.o(.data) for swt
    thread_mw.o(i.send_ANO) refers to ano.o(.bss) for ano_o_F2
    thread_mw.o(i.send_F7) refers to usart45.o(i.PcTx_Byte5) for PcTx_Byte5
    thread_mw.o(i.send_F7) refers to hx711.o(.bss) for hx711_N
    thread_mw.o(i.send_F7) refers to thread_mw.o(.data) for target_N
    thread_mw.o(i.swt_check) refers to noretval__2printf.o(.text) for __2printf
    thread_mw.o(i.swt_check) refers to thread_mw.o(.data) for swt
    thread_mw.o(i.swt_f) refers to noretval__2printf.o(.text) for __2printf
    thread_mw.o(i.swt_f) refers to thread_mw.o(.data) for swt
    thread_mw.o(i.swt_help) refers to noretval__2printf.o(.text) for __2printf
    sys.o(i.MY_NVIC_Init) refers to sys.o(i.MY_NVIC_PriorityGroupConfig) for MY_NVIC_PriorityGroupConfig
    sys.o(i.Stm32_Clock_Init) refers to sys.o(i.Sys_Clock_Set) for Sys_Clock_Set
    sys.o(i.Stm32_Clock_Init) refers to sys.o(i.MY_NVIC_SetVectorTable) for MY_NVIC_SetVectorTable
    sys.o(i.Sys_Standby) refers to sys.o(i.WFI_SET) for WFI_SET
    ano.o(i.ANO_report) refers to rt_memclr_w.o(.text) for __aeabi_memclr4
    ano.o(i.ANO_report) refers to usart45.o(i.PcTx_Byte4) for PcTx_Byte4
    ano.o(i.ANO_send) refers to rt_memclr_w.o(.text) for __aeabi_memclr4
    ano.o(i.ANO_send) refers to ano.o(i.ANO_report) for ANO_report
    hx711.o(i.ReadCountA) refers to hx711.o(i.delay) for delay
    hx711.o(i.ReadCountA) refers to noretval__2printf.o(.text) for __2printf
    hx711.o(i.ReadCountB) refers to hx711.o(i.delay) for delay
    hx711.o(i.ReadCountB) refers to noretval__2printf.o(.text) for __2printf
    hx711.o(i.ReadCountC) refers to hx711.o(i.delay) for delay
    hx711.o(i.ReadCountC) refers to noretval__2printf.o(.text) for __2printf
    hx711.o(i.ReadCountD) refers to hx711.o(i.delay) for delay
    hx711.o(i.ReadCountD) refers to noretval__2printf.o(.text) for __2printf
    hx711.o(i.hx711_init) refers to sys.o(i.GPIO_Set) for GPIO_Set
    hx711.o(i.read_Hx711) refers to hx711.o(i.ReadCountA) for ReadCountA
    hx711.o(i.read_Hx711) refers to dflt_clz.o(x$fpl$dfltu) for __aeabi_ui2d
    hx711.o(i.read_Hx711) refers to ddiv.o(x$fpl$ddiv) for __aeabi_ddiv
    hx711.o(i.read_Hx711) refers to dmul.o(x$fpl$dmul) for __aeabi_dmul
    hx711.o(i.read_Hx711) refers to daddsub_clz.o(x$fpl$dsub) for __aeabi_dsub
    hx711.o(i.read_Hx711) refers to d2f.o(x$fpl$d2f) for __aeabi_d2f
    hx711.o(i.read_Hx711) refers to hx711.o(i.ReadCountB) for ReadCountB
    hx711.o(i.read_Hx711) refers to hx711.o(i.ReadCountC) for ReadCountC
    hx711.o(i.read_Hx711) refers to hx711.o(i.ReadCountD) for ReadCountD
    hx711.o(i.read_Hx711) refers to thread_mw.o(.data) for swt
    hx711.o(i.read_Hx711) refers to hx711.o(.bss) for hx711_N
    hx711.o(i.read_Hx711) refers to ano.o(.bss) for ano_o_F2
    jy901.o(i.CRC16) refers to jy901.o(.data) for auchCRCHi
    jy901.o(i.CopeSerialData) refers to f2d.o(x$fpl$f2d) for __aeabi_f2d
    jy901.o(i.CopeSerialData) refers to dmul.o(x$fpl$dmul) for __aeabi_dmul
[...]
    ../clib/printf.c                         0x00000000   Number         0  _printf_hex_ll.o ABSOLUTE
    ../clib/printf.c                         0x00000000   Number         0  _printf_hex_int.o ABSOLUTE
    ../clib/printf.c                         0x00000000   Number         0  __printf_ss_wp.o ABSOLUTE
    ../clib/printf.c                         0x00000000   Number         0  __printf_flags_wp.o ABSOLUTE
    ../clib/printf.c                         0x00000000   Number         0  __printf_wp.o ABSOLUTE
    ../clib/printf.c                         0x00000000   Number         0  __printf_flags_ss.o ABSOLUTE
    ../clib/printf.c                         0x00000000   Number         0  _printf_hex_int_ll.o ABSOLUTE
    ../clib/printf.c                         0x00000000   Number         0  _printf_hex_ptr.o ABSOLUTE
    ../clib/printf.c                         0x00000000   Number         0  _printf_hex_int_ptr.o ABSOLUTE
    ../clib/printf.c                         0x00000000   Number         0  _printf_hex_ll_ptr.o ABSOLUTE
    ../clib/printf_percent.s                 0x00000000   Number         0  _printf_percent.o ABSOLUTE
    ../clib/printf_percent.s                 0x00000000   Number         0  _printf_c.o ABSOLUTE
    ../clib/printf_percent.s                 0x00000000   Number         0  _printf_percent_end.o ABSOLUTE
    ../clib/printf_percent.s                 0x00000000   Number         0  _printf_s.o ABSOLUTE
    ../clib/printf_percent.s                 0x00000000   Number         0  _printf_x.o ABSOLUTE
    ../clib/printf_percent.s                 0x00000000   Number         0  _printf_d.o ABSOLUTE
    ../clib/printf_percent.s                 0x00000000   Number         0  _printf_u.o ABSOLUTE
    ../clib/signal.c                         0x00000000   Number         0  defsig_fpe_inner.o ABSOLUTE
    ../clib/signal.c                         0x00000000   Number         0  defsig_general.o ABSOLUTE
    ../clib/signal.c                         0x00000000   Number         0  defsig_rtred_inner.o ABSOLUTE
    ../clib/signal.c                         0x00000000   Number         0  defsig_rtmem_formal.o ABSOLUTE
    ../clib/signal.c                         0x00000000   Number         0  defsig_rtmem_outer.o ABSOLUTE
    ../clib/signal.c                         0x00000000   Number         0  defsig_other.o ABSOLUTE
    ../clib/signal.c                         0x00000000   Number         0  defsig_exit.o ABSOLUTE
    ../clib/signal.c                         0x00000000   Number         0  defsig_segv_inner.o ABSOLUTE
    ../clib/signal.c                         0x00000000   Number         0  defsig_stak_inner.o ABSOLUTE
    ../clib/signal.c                         0x00000000   Number         0  defsig_cppl_inner.o ABSOLUTE
    ../clib/signal.c                         0x00000000   Number         0  defsig_abrt_inner.o ABSOLUTE
    ../clib/signal.c                         0x00000000   Number         0  defsig_pvfn_inner.o ABSOLUTE
    ../clib/signal.c                         0x00000000   Number         0  defsig_rtmem_inner.o ABSOLUTE
    ../clib/signal.c                         0x00000000   Number         0  __raise.o ABSOLUTE
    ../clib/signal.s                         0x00000000   Number         0  defsig.o ABSOLUTE
    ../clib/stdio.c                          0x00000000   Number         0  ferror_locked.o ABSOLUTE
    ../clib/stdio.c                          0x00000000   Number         0  ferror.o ABSOLUTE
    ../clib/stdlib.c                         0x00000000   Number         0  exit.o ABSOLUTE
    ../fplib/d2f.s                           0x00000000   Number         0  d2f.o ABSOLUTE
    ../fplib/daddsub.s                       0x00000000   Number         0  daddsub_clz.o ABSOLUTE
    ../fplib/ddiv.s                          0x00000000   Number         0  ddiv.o ABSOLUTE
    ../fplib/dflt.s                          0x00000000   Number         0  dflt_clz.o ABSOLUTE
    ../fplib/dmul.s                          0x00000000   Number         0  dmul.o ABSOLUTE
    ../fplib/dnaninf.s                       0x00000000   Number         0  dnaninf.o ABSOLUTE
    ../fplib/dretinf.s                       0x00000000   Number         0  dretinf.o ABSOLUTE
    ../fplib/f2d.s                           0x00000000   Number         0  f2d.o ABSOLUTE
    ../fplib/fnaninf.s                       0x00000000   Number         0  fnaninf.o ABSOLUTE
    ../fplib/fpinit.s                        0x00000000   Number         0  fpinit.o ABSOLUTE
    ../fplib/fretinf.s                       0x00000000   Number         0  fretinf.o ABSOLUTE
    ../fplib/usenofp.s                       0x00000000   Number         0  usenofp.o ABSOLUTE
    RTE\Device\STM32F407ZETx\startup_stm32f407xx.s 0x00000000   Number         0  startup_stm32f407xx.o ABSOLUTE
    RTE\Device\STM32F407ZETx\system_stm32f4xx.c 0x00000000   Number         0  system_stm32f4xx.o ABSOLUTE
    RTE\\Device\\STM32F407ZETx\\system_stm32f4xx.c 0x00000000   Number         0  system_stm32f4xx.o ABSOLUTE
    SRC\ANO.c                                0x00000000   Number         0  ano.o ABSOLUTE
    SRC\JY901.c                              0x00000000   Number         0  jy901.o ABSOLUTE
    SRC\\ANO.c                               0x00000000   Number         0  ano.o ABSOLUTE
    SRC\\JY901.c                             0x00000000   Number         0  jy901.o ABSOLUTE
    SRC\\delay.c                             0x00000000   Number         0  delay.o ABSOLUTE
    SRC\\hx711.c                             0x00000000   Number         0  hx711.o ABSOLUTE
    SRC\\main.c                              0x00000000   Number         0  main.o ABSOLUTE
    SRC\\rs485.c                             0x00000000   Number         0  rs485.o ABSOLUTE
    SRC\\sys.c                               0x00000000   Number         0  sys.o ABSOLUTE
    SRC\\thread_mw.c                         0x00000000   Number         0  thread_mw.o ABSOLUTE
    SRC\\usart45.c                           0x00000000   Number         0  usart45.o ABSOLUTE
    SRC\delay.c                              0x00000000   Number         0  delay.o ABSOLUTE
    SRC\hx711.c                              0x00000000   Number         0  hx711.o ABSOLUTE
    SRC\main.c                               0x00000000   Number         0  main.o ABSOLUTE
    SRC\rs485.c                              0x00000000   Number         0  rs485.o ABSOLUTE
    SRC\sys.c                                0x00000000   Number         0  sys.o ABSOLUTE
    SRC\thread_mw.c                          0x00000000   Number         0  thread_mw.o ABSOLUTE
    SRC\usart45.c                            0x00000000   Number         0  usart45.o ABSOLUTE
    USMART\\usart.c                          0x00000000   Number         0  usart.o ABSOLUTE
    USMART\\usmart.c                         0x00000000   Number         0  usmart.o ABSOLUTE
    USMART\\usmart_config.c                  0x00000000   Number         0  usmart_config.o ABSOLUTE
    USMART\\usmart_str.c                     0x00000000   Number         0  usmart_str.o ABSOLUTE
    USMART\usart.c                           0x00000000   Number         0  usart.o ABSOLUTE
    USMART\usmart.c                          0x00000000   Number         0  usmart.o ABSOLUTE
    USMART\usmart_config.c                   0x00000000   Number         0  usmart_config.o ABSOLUTE
    USMART\usmart_str.c                      0x00000000   Number         0  usmart_str.o ABSOLUTE
    dc.s                                     0x00000000   Number         0  dc.o ABSOLUTE
    RESET                                    0x08000000   Section      392  startup_stm32f407xx.o(RESET)
    !!!main                                  0x08000188   Section        8  __main.o(!!!main)
    !!!scatter                               0x08000190   Section       52  __scatter.o(!!!scatter)
    !!dczerorl2                              0x080001c4   Section       90  __dczerorl2.o(!!dczerorl2)
    !!handler_zi                             0x08000220   Section       28  __scatter_zi.o(!!handler_zi)
    .ARM.Collect$$_printf_percent$$00000000  0x0800023c   Section        0  _printf_percent.o(.ARM.Collect$$_printf_percent$$00000000)
    .ARM.Collect$$_printf_percent$$00000009  0x0800023c   Section        6  _printf_d.o(.ARM.Collect$$_printf_percent$$00000009)
    .ARM.Collect$$_printf_percent$$0000000A  0x08000242   Section        6  _printf_u.o(.ARM.Collect$$_printf_percent$$0000000A)
    .ARM.Collect$$_printf_percent$$0000000C  0x08000248   Section        6  _printf_x.o(.ARM.Collect$$_printf_percent$$0000000C)
    .ARM.Collect$$_printf_percent$$00000013  0x0800024e   Section        6  _printf_c.o(.ARM.Collect$$_printf_percent$$00000013)
    .ARM.Collect$$_printf_percent$$00000014  0x08000254   Section        6  _printf_s.o(.ARM.Collect$$_printf_percent$$00000014)
    .ARM.Collect$$_printf_percent$$00000017  0x0800025a   Section        4  _printf_percent_end.o(.ARM.Collect$$_printf_percent$$00000017)
    .ARM.Collect$$libinit$$00000000          0x0800025e   Section        2  libinit.o(.ARM.Collect$$libinit$$00000000)
    .ARM.Collect$$libinit$$00000001          0x08000260   Section        4  libinit2.o(.ARM.Collect$$libinit$$00000001)
    .ARM.Collect$$libinit$$00000004          0x08000264   Section        0  libinit2.o(.ARM.Collect$$libinit$$00000004)
    .ARM.Collect$$libinit$$0000000A          0x08000264   Section        0  libinit2.o(.ARM.Collect$$libinit$$0000000A)
    .ARM.Collect$$libinit$$0000000C          0x08000264   Section        0  libinit2.o(.ARM.Collect$$libinit$$0000000C)
    .ARM.Collect$$libinit$$0000000E          0x08000264   Section        0  libinit2.o(.ARM.Collect$$libinit$$0000000E)
    .ARM.Collect$$libinit$$00000011          0x08000264   Section        0  libinit2.o(.ARM.Collect$$libinit$$00000011)
    .ARM.Collect$$libinit$$00000013          0x08000264   Section        0  libinit2.o(.ARM.Collect$$libinit$$00000013)
    .ARM.Collect$$libinit$$00000015          0x08000264   Section        0  libinit2.o(.ARM.Collect$$libinit$$00000015)
    .ARM.Collect$$libinit$$00000017          0x08000264   Section        0  libinit2.o(.ARM.Collect$$libinit$$00000017)
    .ARM.Collect$$libinit$$00000019          0x08000264   Section        0  libinit2.o(.ARM.Collect$$libinit$$00000019)
    .ARM.Collect$$libinit$$0000001B          0x08000264   Section        0  libinit2.o(.ARM.Collect$$libinit$$0000001B)
    .ARM.Collect$$libinit$$0000001D          0x08000264   Section        0  libinit2.o(.ARM.Collect$$libinit$$0000001D)
    .ARM.Collect$$libinit$$0000001F          0x08000264   Section        0  libinit2.o(.ARM.Collect$$libinit$$0000001F)
    .ARM.Collect$$libinit$$00000021          0x08000264   Section        0  libinit2.o(.ARM.Collect$$libinit$$00000021)
    .ARM.Collect$$libinit$$00000023          0x08000264   Section        0  libinit2.o(.ARM.Collect$$libinit$$00000023)
    .ARM.Collect$$libinit$$00000025          0x08000264   Section        0  libinit2.o(.ARM.Collect$$libinit$$00000025)
    .ARM.Collect$$libinit$$0000002C          0x08000264   Section        0  libinit2.o(.ARM.Collect$$libinit$$0000002C)
    .ARM.Collect$$libinit$$0000002E          0x08000264   Section        0  libinit2.o(.ARM.Collect$$libinit$$0000002E)
    .ARM.Collect$$libinit$$00000030          0x08000264   Section        0  libinit2.o(.ARM.Collect$$libinit$$00000030)
    .ARM.Collect$$libinit$$00000032          0x08000264   Section        0  libinit2.o(.ARM.Collect$$libinit$$00000032)
    .ARM.Collect$$libinit$$00000033          0x08000264   Section        2  libinit2.o(.ARM.Collect$$libinit$$00000033)
    .ARM.Collect$$libshutdown$$00000000      0x08000266   Section        2  libshutdown.o(.ARM.Collect$$libshutdown$$00000000)
    .ARM.Collect$$libshutdown$$00000002      0x08000268   Section        0  libshutdown2.o(.ARM.Collect$$libshutdown$$00000002)
    .ARM.Collect$$libshutdown$$00000004      0x08000268   Section        0  libshutdown2.o(.ARM.Collect$$libshutdown$$00000004)
    .ARM.Collect$$libshutdown$$00000007      0x08000268   Section        0  libshutdown2.o(.ARM.Collect$$libshutdown$$00000007)
    .ARM.Collect$$libshutdown$$0000000A      0x08000268   Section        0  libshutdown2.o(.ARM.Collect$$libshutdown$$0000000A)
    .ARM.Collect$$libshutdown$$0000000C      0x08000268   Section        0  libshutdown2.o(.ARM.Collect$$libshutdown$$0000000C)
    .ARM.Collect$$libshutdown$$0000000F      0x08000268   Section        0  libshutdown2.o(.ARM.Collect$$libshutdown$$0000000F)
    .ARM.Collect$$libshutdown$$00000010      0x08000268   Section        2  libshutdown2.o(.ARM.Collect$$libshutdown$$00000010)
    .ARM.Collect$$rtentry$$00000000          0x0800026a   Section        0  __rtentry.o(.ARM.Collect$$rtentry$$00000000)
    .ARM.Collect$$rtentry$$00000002          0x0800026a   Section        0  __rtentry2.o(.ARM.Collect$$rtentry$$00000002)
    .ARM.Collect$$rtentry$$00000004          0x0800026a   Section        6  __rtentry4.o(.ARM.Collect$$rtentry$$00000004)
    .ARM.Collect$$rtentry$$00000009          0x08000270   Section        0  __rtentry2.o(.ARM.Collect$$rtentry$$00000009)
    .ARM.Collect$$rtentry$$0000000A          0x08000270   Section        4  __rtentry2.o(.ARM.Collect$$rtentry$$0000000A)
    .ARM.Collect$$rtentry$$0000000C          0x08000274   Section        0  __rtentry2.o(.ARM.Collect$$rtentry$$0000000C)
    .ARM.Collect$$rtentry$$0000000D          0x08000274   Section        8  __rtentry2.o(.ARM.Collect$$rtentry$$0000000D)
    .ARM.Collect$$rtexit$$00000000           0x0800027c   Section        2  rtexit.o(.ARM.Collect$$rtexit$$00000000)
    .ARM.Collect$$rtexit$$00000002           0x0800027e   Section        0  rtexit2.o(.ARM.Collect$$rtexit$$00000002)
    .ARM.Collect$$rtexit$$00000003           0x0800027e   Section        4  rtexit2.o(.ARM.Collect$$rtexit$$00000003)
    .ARM.Collect$$rtexit$$00000004           0x08000282   Section        6  rtexit2.o(.ARM.Collect$$rtexit$$00000004)
    .text                                    0x08000288   Section       64  startup_stm32f407xx.o(.text)
    $v0                                      0x08000288   Number         0  startup_stm32f407xx.o(.text)
    .text                                    0x080002c8   Section        2  use_no_semi_2.o(.text)
    .text                                    0x080002cc   Section        0  noretval__2printf.o(.text)
    .text                                    0x080002e4   Section        0  _printf_pad.o(.text)
    .text                                    0x08000332   Section        0  _printf_str.o(.text)
    .text                                    0x08000384   Section        0  _printf_dec.o(.text)
    .text                                    0x080003fc   Section        0  _printf_hex_int.o(.text)
    .text                                    0x08000454   Section        0  __printf_flags_ss_wp.o(.text)
    .text                                    0x080005dc   Section       78  rt_memclr_w.o(.text)
    .text                                    0x0800062a   Section        0  heapauxi.o(.text)
    .text                                    0x08000630   Section        2  use_no_semi.o(.text)
    .text                                    0x08000632   Section        0  _printf_intcommon.o(.text)
    .text                                    0x080006e4   Section        0  _printf_char.o(.text)
    .text                                    0x08000710   Section        0  _printf_char_file.o(.text)
    .text                                    0x08000734   Section        0  _printf_char_common.o(.text)
    _printf_input_char                       0x08000735   Thumb Code    10  _printf_char_common.o(.text)
    .text                                    0x08000764   Section        0  ferror.o(.text)
    .text                                    0x0800076c   Section       74  sys_stackheap_outer.o(.text)
    .text                                    0x080007b6   Section        0  exit.o(.text)
    .text                                    0x080007c8   Section        8  libspace.o(.text)
    i.ANO_report                             0x080007d0   Section        0  ano.o(i.ANO_report)
    i.ANO_send                               0x08000852   Section        0  ano.o(i.ANO_send)
    i.CRC16                                  0x080008ac   Section        0  jy901.o(i.CRC16)
    i.CopeSerialData                         0x080008e0   Section        0  jy901.o(i.CopeSerialData)
    i.CopeSerialData2                        0x08001778   Section        0  jy901.o(i.CopeSerialData2)
    i.GPIO_AF_Set                            0x08002610   Section        0  sys.o(i.GPIO_AF_Set)
    i.GPIO_Set                               0x08002650   Section        0  sys.o(i.GPIO_Set)
    i.MY_NVIC_Init                           0x08002730   Section        0  sys.o(i.MY_NVIC_Init)
    i.MY_NVIC_PriorityGroupConfig            0x080027a8   Section        0  sys.o(i.MY_NVIC_PriorityGroupConfig)
    i.MY_NVIC_SetVectorTable                 0x080027d0   Section        0  sys.o(i.MY_NVIC_SetVectorTable)
    i.ModbusRWReg                            0x080027e0   Section        0  jy901.o(i.ModbusRWReg)
    i.ModbusRWReg2                           0x080028c0   Section        0  jy901.o(i.ModbusRWReg2)
    i.PcTx_Byte4                             0x080029a0   Section        0  usart45.o(i.PcTx_Byte4)
    i.PcTx_Byte5                             0x080029bc   Section        0  usart45.o(i.PcTx_Byte5)
    i.RS485_Init                             0x080029d4   Section        0  rs485.o(i.RS485_Init)
    i.RS485_Init2                            0x08002afc   Section        0  rs485.o(i.RS485_Init2)
    i.RS485_Send_Data                        0x08002c28   Section        0  rs485.o(i.RS485_Send_Data)
    i.RS485_Send_Data2                       0x08002c74   Section        0  rs485.o(i.RS485_Send_Data2)
    i.ReadCountA                             0x08002cc0   Section        0  hx711.o(i.ReadCountA)
    i.ReadCountB                             0x08002d78   Section        0  hx711.o(i.ReadCountB)
    i.ReadCountC                             0x08002e30   Section        0  hx711.o(i.ReadCountC)
    i.ReadCountD                             0x08002ee8   Section        0  hx711.o(i.ReadCountD)
    i.Stm32_Clock_Init                       0x08002fa0   Section        0  sys.o(i.Stm32_Clock_Init)
    i.Sys_Clock_Set                          0x08003008   Section        0  sys.o(i.Sys_Clock_Set)
    i.SystemInit                             0x08003114   Section        0  system_stm32f4xx.o(i.SystemInit)
    i.TIM4_IRQHandler                        0x08003178   Section        0  usmart.o(i.TIM4_IRQHandler)
    i.Timer4_Init                            0x080031b4   Section        0  usmart.o(i.Timer4_Init)
    i.UART5_IRQHandler                       0x08003204   Section        0  usart45.o(i.UART5_IRQHandler)
    i.USART1_IRQHandler                      0x0800322c   Section        0  usart.o(i.USART1_IRQHandler)
    i.USART2_IRQHandler                      0x080032ac   Section        0  rs485.o(i.USART2_IRQHandler)
    i.USART3_IRQHandler                      0x080032cc   Section        0  rs485.o(i.USART3_IRQHandler)
    i._is_digit                              0x080032ec   Section        0  __printf_wp.o(i._is_digit)
    i._sys_exit                              0x080032fa   Section        0  usart.o(i._sys_exit)
    i.com_F7                                 0x08003304   Section        0  thread_mw.o(i.com_F7)
    i.cope_uart5                             0x080034c8   Section        0  usart45.o(i.cope_uart5)
    i.delay                                  0x080034d6   Section        0  hx711.o(i.delay)
    i.delay_init                             0x080034e4   Section        0  delay.o(i.delay_init)
    i.delay_ms                               0x08003524   Section        0  delay.o(i.delay_ms)
    i.delay_xms                              0x0800355c   Section        0  delay.o(i.delay_xms)
    i.fputc                                  0x08003598   Section        0  usart.o(i.fputc)
    i.generatrForce                          0x080035b4   Section        0  thread_mw.o(i.generatrForce)
    i.generatrForce2                         0x08003858   Section        0  thread_mw.o(i.generatrForce2)
    i.hx711_init                             0x08003afc   Section        0  hx711.o(i.hx711_init)
    i.imu_find_point                         0x08003b3c   Section        0  jy901.o(i.imu_find_point)
    i.imu_find_point2                        0x08003c24   Section        0  jy901.o(i.imu_find_point2)
    i.main                                   0x08003d0c   Section        0  main.o(i.main)
    i.read_Hx711                             0x08003da0   Section        0  hx711.o(i.read_Hx711)
    i.read_Imu                               0x08003fc4   Section        0  jy901.o(i.read_Imu)
    i.send485                                0x08004048   Section        0  jy901.o(i.send485)
    i.send4852                               0x08004054   Section        0  jy901.o(i.send4852)
    i.send_ANO                               0x08004060   Section        0  thread_mw.o(i.send_ANO)
    i.send_F7                                0x08004090   Section        0  thread_mw.o(i.send_F7)
    i.swt_check                              0x08004198   Section        0  thread_mw.o(i.swt_check)
    i.swt_f                                  0x08004434   Section        0  thread_mw.o(i.swt_f)
    i.swt_help                               0x080046b4   Section        0  thread_mw.o(i.swt_help)
    i.uart4_init                             0x08004980   Section        0  usart45.o(i.uart4_init)
    i.uart5_init                             0x08004a60   Section        0  usart45.o(i.uart5_init)
    i.uart_init                              0x08004b80   Section        0  usart.o(i.uart_init)
    i.usmart_cmd_rec                         0x08004c80   Section        0  usmart.o(i.usmart_cmd_rec)
    i.usmart_exe                             0x08004d30   Section        0  usmart.o(i.usmart_exe)
    i.usmart_get_aparm                       0x08005004   Section        0  usmart_str.o(i.usmart_get_aparm)
    i.usmart_get_cmdname                     0x080050d8   Section        0  usmart_str.o(i.usmart_get_cmdname)
    i.usmart_get_fname                       0x08005110   Section        0  usmart_str.o(i.usmart_get_fname)
    i.usmart_get_fparam                      0x080052d0   Section        0  usmart_str.o(i.usmart_get_fparam)
    i.usmart_get_parmpos                     0x080053dc   Section        0  usmart_str.o(i.usmart_get_parmpos)
    i.usmart_get_runtime                     0x080053fc   Section        0  usmart.o(i.usmart_get_runtime)
    i.usmart_init                            0x0800543c   Section        0  usmart.o(i.usmart_init)
    i.usmart_pow                             0x08005464   Section        0  usmart_str.o(i.usmart_pow)
    i.usmart_reset_runtime                   0x0800547c   Section        0  usmart.o(i.usmart_reset_runtime)
    i.usmart_scan                            0x080054ac   Section        0  usmart.o(i.usmart_scan)
    i.usmart_search_nextc                    0x08005568   Section        0  usmart_str.o(i.usmart_search_nextc)
    i.usmart_str2num                         0x0800557e   Section        0  usmart_str.o(i.usmart_str2num)
    i.usmart_strcmp                          0x08005684   Section        0  usmart_str.o(i.usmart_strcmp)
    i.usmart_strcopy                         0x080056a6   Section        0  usmart_str.o(i.usmart_strcopy)
    i.usmart_strlen                          0x080056bc   Section        0  usmart_str.o(i.usmart_strlen)
    i.usmart_sys_cmd_exe                     0x080056d4   Section        0  usmart.o(i.usmart_sys_cmd_exe)
    x$fpl$d2f                                0x08005dc8   Section       98  d2f.o(x$fpl$d2f)
    $v0                                      0x08005dc8   Number         0  d2f.o(x$fpl$d2f)
    x$fpl$dadd                               0x08005e2c   Section      336  daddsub_clz.o(x$fpl$dadd)
    $v0                                      0x08005e2c   Number         0  daddsub_clz.o(x$fpl$dadd)
    _dadd1                                   0x08005e3d   Thumb Code     0  daddsub_clz.o(x$fpl$dadd)
    x$fpl$ddiv                               0x08005f7c   Section      688  ddiv.o(x$fpl$ddiv)
    $v0                                      0x08005f7c   Number         0  ddiv.o(x$fpl$ddiv)
    ddiv_entry                               0x08005f83   Thumb Code     0  ddiv.o(x$fpl$ddiv)
    x$fpl$dfltu                              0x0800622c   Section       38  dflt_clz.o(x$fpl$dfltu)
    $v0                                      0x0800622c   Number         0  dflt_clz.o(x$fpl$dfltu)
    x$fpl$dmul                               0x08006254   Section      340  dmul.o(x$fpl$dmul)
    $v0                                      0x08006254   Number         0  dmul.o(x$fpl$dmul)
    x$fpl$dnaninf                            0x080063a8   Section      156  dnaninf.o(x$fpl$dnaninf)
    $v0                                      0x080063a8   Number         0  dnaninf.o(x$fpl$dnaninf)
    x$fpl$dretinf                            0x08006444   Section       12  dretinf.o(x$fpl$dretinf)
    $v0                                      0x08006444   Number         0  dretinf.o(x$fpl$dretinf)
    x$fpl$dsub                               0x08006450   Section      468  daddsub_clz.o(x$fpl$dsub)
    $v0                                      0x08006450   Number         0  daddsub_clz.o(x$fpl$dsub)
    _dsub1                                   0x08006461   Thumb Code     0  daddsub_clz.o(x$fpl$dsub)
    x$fpl$f2d                                0x08006624   Section       86  f2d.o(x$fpl$f2d)
    $v0                                      0x08006624   Number         0  f2d.o(x$fpl$f2d)
    x$fpl$fnaninf                            0x0800667a   Section      140  fnaninf.o(x$fpl$fnaninf)
    $v0                                      0x0800667a   Number         0  fnaninf.o(x$fpl$fnaninf)
    x$fpl$fpinit                             0x08006706   Section       10  fpinit.o(x$fpl$fpinit)
    $v0                                      0x08006706   Number         0  fpinit.o(x$fpl$fpinit)
    x$fpl$fretinf                            0x08006710   Section       10  fretinf.o(x$fpl$fretinf)
    $v0                                      0x08006710   Number         0  fretinf.o(x$fpl$fretinf)
    .constdata                               0x0800671a   Section       40  _printf_hex_int.o(.constdata)
    x$fpl$usenofp                            0x0800671a   Section        0  usenofp.o(x$fpl$usenofp)
    uc_hextab                                0x0800671a   Data          20  _printf_hex_int.o(.constdata)
    lc_hextab                                0x0800672e   Data          20  _printf_hex_int.o(.constdata)
    .constdata                               0x08006742   Section       17  __printf_flags_ss_wp.o(.constdata)
    maptable                                 0x08006742   Data          17  __printf_flags_ss_wp.o(.constdata)
    .conststring                             0x08006754   Section       40  usmart.o(.conststring)
    .conststring                             0x0800677c   Section       47  usmart_config.o(.conststring)
    .data                                    0x20000000   Section       65  thread_mw.o(.data)
    max_angle                                0x2000001c   Data           4  thread_mw.o(.data)
    min_angle                                0x20000020   Data           4  thread_mw.o(.data)
    mid2_angle                               0x20000024   Data           4  thread_mw.o(.data)
    mid4_angle                               0x20000028   Data           4  thread_mw.o(.data)
    cout                                     0x2000002c   Data           1  thread_mw.o(.data)
    max_angle                                0x20000030   Data           4  thread_mw.o(.data)
    min_angle                                0x20000034   Data           4  thread_mw.o(.data)
    mid2_angle                               0x20000038   Data           4  thread_mw.o(.data)
    mid4_angle                               0x2000003c   Data           4  thread_mw.o(.data)
    cout                                     0x20000040   Data           1  thread_mw.o(.data)
    .data                                    0x20000044   Section      633  jy901.o(.data)
    ucRxCnt                                  0x20000296   Data           1  jy901.o(.data)
    ucRxLen                                  0x20000297   Data           1  jy901.o(.data)
    temp1                                    0x20000298   Data           4  jy901.o(.data)
    temp2                                    0x2000029c   Data           4  jy901.o(.data)
    temp3                                    0x200002a0   Data           4  jy901.o(.data)
    index                                    0x200002a4   Data           1  jy901.o(.data)
    ucRxCnt                                  0x200002a5   Data           1  jy901.o(.data)
    ucRxLen                                  0x200002a6   Data           1  jy901.o(.data)
    temp1                                    0x200002a8   Data           4  jy901.o(.data)
    temp2                                    0x200002ac   Data           4  jy901.o(.data)
    temp3                                    0x200002b0   Data           4  jy901.o(.data)
    index                                    0x200002b4   Data           1  jy901.o(.data)
    assi_time                                0x200002b5   Data           4  jy901.o(.data)
    assi_time                                0x200002b9   Data           4  jy901.o(.data)
    .data                                    0x200002be   Section        4  delay.o(.data)
    fac_us                                   0x200002be   Data           1  delay.o(.data)
    fac_ms                                   0x200002c0   Data           2  delay.o(.data)
    .data                                    0x200002c4   Section       28  usmart.o(.data)
    .data                                    0x200002e0   Section      268  usmart_config.o(.data)
    .data                                    0x200003ec   Section        6  usart.o(.data)
    .bss                                     0x200003f4   Section       80  ano.o(.bss)
    .bss                                     0x20000444   Section       16  hx711.o(.bss)
    .bss                                     0x20000454   Section      982  jy901.o(.bss)
    ucRxBuffer                               0x20000814   Data          11  jy901.o(.bss)
    ucRxBuffer                               0x2000081f   Data          11  jy901.o(.bss)
    .bss                                     0x2000082a   Section      200  usart.o(.bss)
    .bss                                     0x200008f4   Section       96  libspace.o(.bss)
    HEAP                                     0x20000958   Section      512  startup_stm32f407xx.o(HEAP)
    Heap_Mem                                 0x20000958   Data         512  startup_stm32f407xx.o(HEAP)
    STACK                                    0x20000b58   Section     1024  startup_stm32f407xx.o(STACK)
    Stack_Mem                                0x20000b58   Data        1024  startup_stm32f407xx.o(STACK)
    __initial_sp                             0x20000f58   Data           0  startup_stm32f407xx.o(STACK)

    Global Symbols

    Symbol Name                              Value     Ov Type        Size  Object(Section)

    BuildAttributes$$THM_ISAv4$E$P$D$K$B$S$7EM$VFPi3$EXTD16$VFPS$VFMA$PE$A:L22UL41UL21$X:L11$S22US41US21$IEEE1$IW$USESV6$~STKCKD$USESV7$~SHL$OSPACE$ROPI$EBA8$UX$STANDARDLIB$REQ8$PRES8$EABIv2 0x00000000   Number         0  anon$$obj.o ABSOLUTE
    __ARM_use_no_argv                        0x00000000   Number         0  main.o ABSOLUTE
    _printf_flags                            0x00000000   Number         0  printf_stubs.o ABSOLUTE
    _printf_return_value                     0x00000000   Number         0  printf_stubs.o ABSOLUTE
    _printf_sizespec                         0x00000000   Number         0  printf_stubs.o ABSOLUTE
    _printf_widthprec                        0x00000000   Number         0  printf_stubs.o ABSOLUTE
    __ARM_exceptions_init                     - Undefined Weak Reference
    __alloca_initialize                       - Undefined Weak Reference
    __arm_preinit_                            - Undefined Weak Reference
    __cpp_initialize__aeabi_                  - Undefined Weak Reference
    __cxa_finalize                            - Undefined Weak Reference
    __rt_locale                               - Undefined Weak Reference
    __sigvec_lookup                           - Undefined Weak Reference
    _atexit_init                              - Undefined Weak Reference
    _call_atexit_fns                          - Undefined Weak Reference
    _clock_init                               - Undefined Weak Reference
    _fp_trap_init                             - Undefined Weak Reference
    _fp_trap_shutdown                         - Undefined Weak Reference
    _get_lc_collate                           - Undefined Weak Reference
    _get_lc_ctype                             - Undefined Weak Reference
    _get_lc_monetary                          - Undefined Weak Reference
    _get_lc_numeric                           - Undefined Weak Reference
    _get_lc_time                              - Undefined Weak Reference
    _getenv_init                              - Undefined Weak Reference
    _handle_redirection                       - Undefined Weak Reference
    _init_alloc                               - Undefined Weak Reference
    _init_user_alloc                          - Undefined Weak Reference
    _initio                                   - Undefined Weak Reference
    _mutex_acquire                            - Undefined Weak Reference
    _mutex_release                            - Undefined Weak Reference
    _printf_mbtowc                            - Undefined Weak Reference
    _printf_truncate_signed                   - Undefined Weak Reference
    _printf_truncate_unsigned                 - Undefined Weak Reference
    _rand_init                                - Undefined Weak Reference
    _signal_finish                            - Undefined Weak Reference
    _signal_init                              - Undefined Weak Reference
    _terminate_alloc                          - Undefined Weak Reference
    _terminate_user_alloc                     - Undefined Weak Reference
    _terminateio                              - Undefined Weak Reference
    __Vectors_Size                           0x00000188   Number         0  startup_stm32f407xx.o ABSOLUTE
    __Vectors                                0x08000000   Data           4  startup_stm32f407xx.o(RESET)
    __Vectors_End                            0x08000188   Data           0  startup_stm32f407xx.o(RESET)
    __main                                   0x08000189   Thumb Code     8  __main.o(!!!main)
    __scatterload                            0x08000191   Thumb Code     0  __scatter.o(!!!scatter)
    __scatterload_rt2                        0x08000191   Thumb Code    44  __scatter.o(!!!scatter)
    __scatterload_rt2_thumb_only             0x08000191   Thumb Code     0  __scatter.o(!!!scatter)
    __scatterload_null                       0x0800019f   Thumb Code     0  __scatter.o(!!!scatter)
    __decompress                             0x080001c5   Thumb Code    90  __dczerorl2.o(!!dczerorl2)
    __decompress1                            0x080001c5   Thumb Code     0  __dczerorl2.o(!!dczerorl2)
    __scatterload_zeroinit                   0x08000221   Thumb Code    28  __scatter_zi.o(!!handler_zi)
    _printf_d                                0x0800023d   Thumb Code     0  _printf_d.o(.ARM.Collect$$_printf_percent$$00000009)
    _printf_percent                          0x0800023d   Thumb Code     0  _printf_percent.o(.ARM.Collect$$_printf_percent$$00000000)
    _printf_u                                0x08000243   Thumb Code     0  _printf_u.o(.ARM.Collect$$_printf_percent$$0000000A)
    _printf_x                                0x08000249   Thumb Code     0  _printf_x.o(.ARM.Collect$$_printf_percent$$0000000C)
    _printf_c                                0x0800024f   Thumb Code     0  _printf_c.o(.ARM.Collect$$_printf_percent$$00000013)
    _printf_s                                0x08000255   Thumb Code     0  _printf_s.o(.ARM.Collect$$_printf_percent$$00000014)
    _printf_percent_end                      0x0800025b   Thumb Code     0  _printf_percent_end.o(.ARM.Collect$$_printf_percent$$00000017)
    __rt_lib_init                            0x0800025f   Thumb Code     0  libinit.o(.ARM.Collect$$libinit$$00000000)
    __rt_lib_init_fp_1                       0x08000261   Thumb Code     0  libinit2.o(.ARM.Collect$$libinit$$00000001)
    __rt_lib_init_alloca_1                   0x08000265   Thumb Code     0  libinit2.o(.ARM.Collect$$libinit$$0000002E)
    __rt_lib_init_argv_1                     0x08000265   Thumb Code     0  libinit2.o(.ARM.Collect$$libinit$$0000002C)
    __rt_lib_init_atexit_1                   0x08000265   Thumb Code     0  libinit2.o(.ARM.Collect$$libinit$$0000001B)
    __rt_lib_init_clock_1                    0x08000265   Thumb Code     0  libinit2.o(.ARM.Collect$$libinit$$00000021)
    __rt_lib_init_cpp_1                      0x08000265   Thumb Code     0  libinit2.o(.ARM.Collect$$libinit$$00000032)
    __rt_lib_init_exceptions_1               0x08000265   Thumb Code     0  libinit2.o(.ARM.Collect$$libinit$$00000030)
    __rt_lib_init_fp_trap_1                  0x08000265   Thumb Code     0  libinit2.o(.ARM.Collect$$libinit$$0000001F)
    __rt_lib_init_getenv_1                   0x08000265   Thumb Code     0  libinit2.o(.ARM.Collect$$libinit$$00000023)
    __rt_lib_init_heap_1                     0x08000265   Thumb Code     0  libinit2.o(.ARM.Collect$$libinit$$0000000A)
    __rt_lib_init_lc_collate_1               0x08000265   Thumb Code     0  libinit2.o(.ARM.Collect$$libinit$$00000011)
    __rt_lib_init_lc_ctype_1                 0x08000265   Thumb Code     0  libinit2.o(.ARM.Collect$$libinit$$00000013)
    __rt_lib_init_lc_monetary_1              0x08000265   Thumb Code     0  libinit2.o(.ARM.Collect$$libinit$$00000015)
    __rt_lib_init_lc_numeric_1               0x08000265   Thumb Code     0  libinit2.o(.ARM.Collect$$libinit$$00000017)
    __rt_lib_init_lc_time_1                  0x08000265   Thumb Code     0  libinit2.o(.ARM.Collect$$libinit$$00000019)
    __rt_lib_init_preinit_1                  0x08000265   Thumb Code     0  libinit2.o(.ARM.Collect$$libinit$$00000004)
    __rt_lib_init_rand_1                     0x08000265   Thumb Code     0  libinit2.o(.ARM.Collect$$libinit$$0000000E)
    __rt_lib_init_return                     0x08000265   Thumb Code     0  libinit2.o(.ARM.Collect$$libinit$$00000033)
    __rt_lib_init_signal_1                   0x08000265   Thumb Code     0  libinit2.o(.ARM.Collect$$libinit$$0000001D)
    __rt_lib_init_stdio_1                    0x08000265   Thumb Code     0  libinit2.o(.ARM.Collect$$libinit$$00000025)
    __rt_lib_init_user_alloc_1               0x08000265   Thumb Code     0  libinit2.o(.ARM.Collect$$libinit$$0000000C)
    __rt_lib_shutdown                        0x08000267   Thumb Code     0  libshutdown.o(.ARM.Collect$$libshutdown$$00000000)
    __rt_lib_shutdown_cpp_1                  0x08000269   Thumb Code     0  libshutdown2.o(.ARM.Collect$$libshutdown$$00000002)
    __rt_lib_shutdown_fp_trap_1              0x08000269   Thumb Code     0  libshutdown2.o(.ARM.Collect$$libshutdown$$00000007)
    __rt_lib_shutdown_heap_1                 0x08000269   Thumb Code     0  libshutdown2.o(.ARM.Collect$$libshutdown$$0000000F)
    __rt_lib_shutdown_return                 0x08000269   Thumb Code     0  libshutdown2.o(.ARM.Collect$$libshutdown$$00000010)
    __rt_lib_shutdown_signal_1               0x08000269   Thumb Code     0  libshutdown2.o(.ARM.Collect$$libshutdown$$0000000A)
    __rt_lib_shutdown_stdio_1                0x08000269   Thumb Code     0  libshutdown2.o(.ARM.Collect$$libshutdown$$00000004)
    __rt_lib_shutdown_user_alloc_1           0x08000269   Thumb Code     0  libshutdown2.o(.ARM.Collect$$libshutdown$$0000000C)
    __rt_entry                               0x0800026b   Thumb Code     0  __rtentry.o(.ARM.Collect$$rtentry$$00000000)
    __rt_entry_presh_1                       0x0800026b   Thumb Code     0  __rtentry2.o(.ARM.Collect$$rtentry$$00000002)
    __rt_entry_sh                            0x0800026b   Thumb Code     0  __rtentry4.o(.ARM.Collect$$rtentry$$00000004)
    __rt_entry_li                            0x08000271   Thumb Code     0  __rtentry2.o(.ARM.Collect$$rtentry$$0000000A)
    __rt_entry_postsh_1                      0x08000271   Thumb Code     0  __rtentry2.o(.ARM.Collect$$rtentry$$00000009)
    __rt_entry_main                          0x08000275   Thumb Code     0  __rtentry2.o(.ARM.Collect$$rtentry$$0000000D)
    __rt_entry_postli_1                      0x08000275   Thumb Code     0  __rtentry2.o(.ARM.Collect$$rtentry$$0000000C)
    __rt_exit                                0x0800027d   Thumb Code     0  rtexit.o(.ARM.Collect$$rtexit$$00000000)
    __rt_exit_ls                             0x0800027f   Thumb Code     0  rtexit2.o(.ARM.Collect$$rtexit$$00000003)
    __rt_exit_prels_1                        0x0800027f   Thumb Code     0  rtexit2.o(.ARM.Collect$$rtexit$$00000002)
    __rt_exit_exit                           0x08000283   Thumb Code     0  rtexit2.o(.ARM.Collect$$rtexit$$00000004)
    Reset_Handler                            0x08000289   Thumb Code     8  startup_stm32f407xx.o(.text)
    NMI_Handler                              0x08000291   Thumb Code     2  startup_stm32f407xx.o(.text)
    HardFault_Handler                        0x08000293   Thumb Code     2  startup_stm32f407xx.o(.text)
    MemManage_Handler                        0x08000295   Thumb Code     2  startup_stm32f407xx.o(.text)
    BusFault_Handler                         0x08000297   Thumb Code     2  startup_stm32f407xx.o(.text)
    UsageFault_Handler                       0x08000299   Thumb Code     2  startup_stm32f407xx.o(.text)
    SVC_Handler                              0x0800029b   Thumb Code     2  startup_stm32f407xx.o(.text)
    DebugMon_Handler                         0x0800029d   Thumb Code     2  startup_stm32f407xx.o(.text)
    PendSV_Handler                           0x0800029f   Thumb Code     2  startup_stm32f407xx.o(.text)
    SysTick_Handler                          0x080002a1   Thumb Code     2  startup_stm32f407xx.o(.text)
    ADC_IRQHandler                           0x080002a3   Thumb Code     0  startup_stm32f407xx.o(.text)
    CAN1_RX0_IRQHandler                      0x080002a3   Thumb Code     0  startup_stm32f407xx.o(.text)
    CAN1_RX1_IRQHandler                      0x080002a3   Thumb Code     0  startup_stm32f407xx.o(.text)
    CAN1_SCE_IRQHandler                      0x080002a3   Thumb Code     0  startup_stm32f407xx.o(.text)
    CAN1_TX_IRQHandler                       0x080002a3   Thumb Code     0  startup_stm32f407xx.o(.text)
    CAN2_RX0_IRQHandler                      0x080002a3   Thumb Code     0  startup_stm32f407xx.o(.text)
    CAN2_RX1_IRQHandler                      0x080002a3   Thumb Code     0  startup_stm32f407xx.o(.text)
    CAN2_SCE_IRQHandler                      0x080002a3   Thumb Code     0  startup_stm32f407xx.o(.text)
    CAN2_TX_IRQHandler                       0x080002a3   Thumb Code     0  startup_stm32f407xx.o(.text)
    DCMI_IRQHandler                          0x080002a3   Thumb Code     0  startup_stm32f407xx.o(.text)
    DMA1_Stream0_IRQHandler                  0x080002a3   Thumb Code     0  startup_stm32f407xx.o(.text)
    DMA1_Stream1_IRQHandler                  0x080002a3   Thumb Code     0  startup_stm32f407xx.o(.text)
    DMA1_Stream2_IRQHandler                  0x080002a3   Thumb Code     0  startup_stm32f407xx.o(.text)
    DMA1_Stream3_IRQHandler                  0x080002a3   Thumb Code     0  startup_stm32f407xx.o(.text)
    DMA1_Stream4_IRQHandler                  0x080002a3   Thumb Code     0  startup_stm32f407xx.o(.text)
    DMA1_Stream5_IRQHandler                  0x080002a3   Thumb Code     0  startup_stm32f407xx.o(.text)
    DMA1_Stream6_IRQHandler                  0x080002a3   Thumb Code     0  startup_stm32f407xx.o(.text)
    DMA1_Stream7_IRQHandler                  0x080002a3   Thumb Code     0  startup_stm32f407xx.o(.text)
    DMA2_Stream0_IRQHandler                  0x080002a3   Thumb Code     0  startup_stm32f407xx.o(.text)
    DMA2_Stream1_IRQHandler                  0x080002a3   Thumb Code     0  startup_stm32f407xx.o(.text)
    DMA2_Stream2_IRQHandler                  0x080002a3   Thumb Code     0  startup_stm32f407xx.o(.text)
    DMA2_Stream3_IRQHandler                  0x080002a3   Thumb Code     0  startup_stm32f407xx.o(.text)
    DMA2_Stream4_IRQHandler                  0x080002a3   Thumb Code     0  startup_stm32f407xx.o(.text)
    DMA2_Stream5_IRQHandler                  0x080002a3   Thumb Code     0  startup_stm32f407xx.o(.text)
    DMA2_Stream6_IRQHandler                  0x080002a3   Thumb Code     0  startup_stm32f407xx.o(.text)
    DMA2_Stream7_IRQHandler                  0x080002a3   Thumb Code     0  startup_stm32f407xx.o(.text)
    ETH_IRQHandler                           0x080002a3   Thumb Code     0  startup_stm32f407xx.o(.text)
    ETH_WKUP_IRQHandler                      0x080002a3   Thumb Code     0  startup_stm32f407xx.o(.text)
    EXTI0_IRQHandler                         0x080002a3   Thumb Code     0  startup_stm32f407xx.o(.text)
    EXTI15_10_IRQHandler                     0x080002a3   Thumb Code     0  startup_stm32f407xx.o(.text)
    EXTI1_IRQHandler                         0x080002a3   Thumb Code     0  startup_stm32f407xx.o(.text)
    EXTI2_IRQHandler                         0x080002a3   Thumb Code     0  startup_stm32f407xx.o(.text)
    EXTI3_IRQHandler                         0x080002a3   Thumb Code     0  startup_stm32f407xx.o(.text)
    EXTI4_IRQHandler                         0x080002a3   Thumb Code     0  startup_stm32f407xx.o(.text)
    EXTI9_5_IRQHandler                       0x080002a3   Thumb Code     0  startup_stm32f407xx.o(.text)
    FLASH_IRQHandler                         0x080002a3   Thumb Code     0  startup_stm32f407xx.o(.text)
    FMC_IRQHandler                           0x080002a3   Thumb Code     0  startup_stm32f407xx.o(.text)
    FPU_IRQHandler                           0x080002a3   Thumb Code     0  startup_stm32f407xx.o(.text)
    HASH_RNG_IRQHandler                      0x080002a3   Thumb Code     0  startup_stm32f407xx.o(.text)
    I2C1_ER_IRQHandler                       0x080002a3   Thumb Code     0  startup_stm32f407xx.o(.text)
    I2C1_EV_IRQHandler                       0x080002a3   Thumb Code     0  startup_stm32f407xx.o(.text)
    I2C2_ER_IRQHandler                       0x080002a3   Thumb Code     0  startup_stm32f407xx.o(.text)
    I2C2_EV_IRQHandler                       0x080002a3   Thumb Code     0  startup_stm32f407xx.o(.text)
    I2C3_ER_IRQHandler                       0x080002a3   Thumb Code     0  startup_stm32f407xx.o(.text)
    I2C3_EV_IRQHandler                       0x080002a3   Thumb Code     0  startup_stm32f407xx.o(.text)
    OTG_FS_IRQHandler                        0x080002a3   Thumb Code     0  startup_stm32f407xx.o(.text)
    OTG_FS_WKUP_IRQHandler                   0x080002a3   Thumb Code     0  startup_stm32f407xx.o(.text)
    OTG_HS_EP1_IN_IRQHandler                 0x080002a3   Thumb Code     0  startup_stm32f407xx.o(.text)
    OTG_HS_EP1_OUT_IRQHandler                0x080002a3   Thumb Code     0  startup_stm32f407xx.o(.text)
    OTG_HS_IRQHandler                        0x080002a3   Thumb Code     0  startup_stm32f407xx.o(.text)
    OTG_HS_WKUP_IRQHandler                   0x080002a3   Thumb Code     0  startup_stm32f407xx.o(.text)
    PVD_IRQHandler                           0x080002a3   Thumb Code     0  startup_stm32f407xx.o(.text)
    RCC_IRQHandler                           0x080002a3   Thumb Code     0  startup_stm32f407xx.o(.text)
    RTC_Alarm_IRQHandler                     0x080002a3   Thumb Code     0  startup_stm32f407xx.o(.text)
    RTC_WKUP_IRQHandler                      0x080002a3   Thumb Code     0  startup_stm32f407xx.o(.text)
    SDIO_IRQHandler                          0x080002a3   Thumb Code     0  startup_stm32f407xx.o(.text)
    SPI1_IRQHandler                          0x080002a3   Thumb Code     0  startup_stm32f407xx.o(.text)
    SPI2_IRQHandler                          0x080002a3   Thumb Code     0  startup_stm32f407xx.o(.text)
    SPI3_IRQHandler                          0x080002a3   Thumb Code     0  startup_stm32f407xx.o(.text)
    TAMP_STAMP_IRQHandler                    0x080002a3   Thumb Code     0  startup_stm32f407xx.o(.text)
    TIM1_BRK_TIM9_IRQHandler                 0x080002a3   Thumb Code     0  startup_stm32f407xx.o(.text)
    TIM1_CC_IRQHandler                       0x080002a3   Thumb Code     0  startup_stm32f407xx.o(.text)
    TIM1_TRG_COM_TIM11_IRQHandler            0x080002a3   Thumb Code     0  startup_stm32f407xx.o(.text)
    TIM1_UP_TIM10_IRQHandler                 0x080002a3   Thumb Code     0  startup_stm32f407xx.o(.text)
    TIM2_IRQHandler                          0x080002a3   Thumb Code     0  startup_stm32f407xx.o(.text)
    TIM3_IRQHandler                          0x080002a3   Thumb Code     0  startup_stm32f407xx.o(.text)
    TIM5_IRQHandler                          0x080002a3   Thumb Code     0  startup_stm32f407xx.o(.text)
    TIM6_DAC_IRQHandler                      0x080002a3   Thumb Code     0  startup_stm32f407xx.o(.text)
    TIM7_IRQHandler                          0x080002a3   Thumb Code     0  startup_stm32f407xx.o(.text)
    TIM8_BRK_TIM12_IRQHandler                0x080002a3   Thumb Code     0  startup_stm32f407xx.o(.text)
    TIM8_CC_IRQHandler                       0x080002a3   Thumb Code     0  startup_stm32f407xx.o(.text)
    TIM8_TRG_COM_TIM14_IRQHandler            0x080002a3   Thumb Code     0  startup_stm32f407xx.o(.text)
    TIM8_UP_TIM13_IRQHandler                 0x080002a3   Thumb Code     0  startup_stm32f407xx.o(.text)
    UART4_IRQHandler                         0x080002a3   Thumb Code     0  startup_stm32f407xx.o(.text)
    USART6_IRQHandler                        0x080002a3   Thumb Code     0  startup_stm32f407xx.o(.text)
    WWDG_IRQHandler                          0x080002a3   Thumb Code     0  startup_stm32f407xx.o(.text)
    __user_initial_stackheap                 0x080002a5   Thumb Code     0  startup_stm32f407xx.o(.text)
    __use_no_semihosting                     0x080002c9   Thumb Code     2  use_no_semi_2.o(.text)
    __2printf                                0x080002cd   Thumb Code    20  noretval__2printf.o(.text)
    _printf_pre_padding                      0x080002e5   Thumb Code    44  _printf_pad.o(.text)
    _printf_post_padding                     0x08000311   Thumb Code    34  _printf_pad.o(.text)
    _printf_str                              0x08000333   Thumb Code    82  _printf_str.o(.text)
    _printf_int_dec                          0x08000385   Thumb Code   104  _printf_dec.o(.text)
    _printf_int_hex                          0x080003fd   Thumb Code    84  _printf_hex_int.o(.text)
    _printf_longlong_hex                     0x080003fd   Thumb Code     0  _printf_hex_int.o(.text)
    __printf                                 0x08000455   Thumb Code   388  __printf_flags_ss_wp.o(.text)
    __aeabi_memclr4                          0x080005dd   Thumb Code     0  rt_memclr_w.o(.text)
    __aeabi_memclr8                          0x080005dd   Thumb Code     0  rt_memclr_w.o(.text)
    __rt_memclr_w                            0x080005dd   Thumb Code    78  rt_memclr_w.o(.text)
    _memset_w                                0x080005e1   Thumb Code     0  rt_memclr_w.o(.text)
    __use_two_region_memory                  0x0800062b   Thumb Code     2  heapauxi.o(.text)
    __rt_heap_escrow$2region                 0x0800062d   Thumb Code     2  heapauxi.o(.text)
    __rt_heap_expand$2region                 0x0800062f   Thumb Code     2  heapauxi.o(.text)
    __I$use$semihosting                      0x08000631   Thumb Code     0  use_no_semi.o(.text)
    __use_no_semihosting_swi                 0x08000631   Thumb Code     2  use_no_semi.o(.text)
    _printf_int_common                       0x08000633   Thumb Code   178  _printf_intcommon.o(.text)
    _printf_cs_common                        0x080006e5   Thumb Code    20  _printf_char.o(.text)
    _printf_char                             0x080006f9   Thumb Code    16  _printf_char.o(.text)
    _printf_string                           0x08000709   Thumb Code     8  _printf_char.o(.text)
    _printf_char_file                        0x08000711   Thumb Code    32  _printf_char_file.o(.text)
    _printf_char_common                      0x0800073f   Thumb Code    32  _printf_char_common.o(.text)
    ferror                                   0x08000765   Thumb Code     8  ferror.o(.text)
    __user_setup_stackheap                   0x0800076d   Thumb Code    74  sys_stackheap_outer.o(.text)
    exit                                     0x080007b7   Thumb Code    18  exit.o(.text)
    __user_libspace                          0x080007c9   Thumb Code     8  libspace.o(.text)
    __user_perproc_libspace                  0x080007c9   Thumb Code     0  libspace.o(.text)
    __user_perthread_libspace                0x080007c9   Thumb Code     0  libspace.o(.text)
    ANO_report                               0x080007d1   Thumb Code   130  ano.o(i.ANO_report)
    ANO_send                                 0x08000853   Thumb Code    88  ano.o(i.ANO_send)
    CRC16                                    0x080008ad   Thumb Code    44  jy901.o(i.CRC16)
    CopeSerialData                           0x080008e1   Thumb Code  3700  jy901.o(i.CopeSerialData)
    CopeSerialData2                          0x08001779   Thumb Code  3700  jy901.o(i.CopeSerialData2)
    GPIO_AF_Set                              0x08002611   Thumb Code    64  sys.o(i.GPIO_AF_Set)
    GPIO_Set                                 0x08002651   Thumb Code   222  sys.o(i.GPIO_Set)
    MY_NVIC_Init                             0x08002731   Thumb Code   116  sys.o(i.MY_NVIC_Init)
    MY_NVIC_PriorityGroupConfig              0x080027a9   Thumb Code    32  sys.o(i.MY_NVIC_PriorityGroupConfig)
    MY_NVIC_SetVectorTable                   0x080027d1   Thumb Code    12  sys.o(i.MY_NVIC_SetVectorTable)
    ModbusRWReg                              0x080027e1   Thumb Code   216  jy901.o(i.ModbusRWReg)
    ModbusRWReg2                             0x080028c1   Thumb Code   216  jy901.o(i.ModbusRWReg2)
    PcTx_Byte4                               0x080029a1   Thumb Code    22  usart45.o(i.PcTx_Byte4)
    PcTx_Byte5                               0x080029bd   Thumb Code    20  usart45.o(i.PcTx_Byte5)
    RS485_Init                               0x080029d5   Thumb Code   274  rs485.o(i.RS485_Init)
    RS485_Init2                              0x08002afd   Thumb Code   278  rs485.o(i.RS485_Init2)
    RS485_Send_Data                          0x08002c29   Thumb Code    66  rs485.o(i.RS485_Send_Data)
    RS485_Send_Data2                         0x08002c75   Thumb Code    66  rs485.o(i.RS485_Send_Data2)
    ReadCountA                               0x08002cc1   Thumb Code   154  hx711.o(i.ReadCountA)
    ReadCountB                               0x08002d79   Thumb Code   154  hx711.o(i.ReadCountB)
    ReadCountC                               0x08002e31   Thumb Code   154  hx711.o(i.ReadCountC)
    ReadCountD                               0x08002ee9   Thumb Code   154  hx711.o(i.ReadCountD)
    Stm32_Clock_Init                         0x08002fa1   Thumb Code    90  sys.o(i.Stm32_Clock_Init)
    Sys_Clock_Set                            0x08003009   Thumb Code   254  sys.o(i.Sys_Clock_Set)
    SystemInit                               0x08003115   Thumb Code    82  system_stm32f4xx.o(i.SystemInit)
    TIM4_IRQHandler                          0x08003179   Thumb Code    50  usmart.o(i.TIM4_IRQHandler)
    Timer4_Init                              0x080031b5   Thumb Code    72  usmart.o(i.Timer4_Init)
    UART5_IRQHandler                         0x08003205   Thumb Code    32  usart45.o(i.UART5_IRQHandler)
    USART1_IRQHandler                        0x0800322d   Thumb Code   116  usart.o(i.USART1_IRQHandler)
    USART2_IRQHandler                        0x080032ad   Thumb Code    28  rs485.o(i.USART2_IRQHandler)
    USART3_IRQHandler                        0x080032cd   Thumb Code    28  rs485.o(i.USART3_IRQHandler)
    _is_digit                                0x080032ed   Thumb Code    14  __printf_wp.o(i._is_digit)
    _sys_exit                                0x080032fb   Thumb Code     8  usart.o(i._sys_exit)
    com_F7                                   0x08003305   Thumb Code   424  thread_mw.o(i.com_F7)
    cope_uart5                               0x080034c9   Thumb Code    14  usart45.o(i.cope_uart5)
    delay                                    0x080034d7   Thumb Code    14  hx711.o(i.delay)
    delay_init                               0x080034e5   Thumb Code    56  delay.o(i.delay_init)
    delay_ms                                 0x08003525   Thumb Code    56  delay.o(i.delay_ms)
    delay_xms                                0x0800355d   Thumb Code    56  delay.o(i.delay_xms)
    fputc                                    0x08003599   Thumb Code    22  usart.o(i.fputc)
    generatrForce                            0x080035b5   Thumb Code   644  thread_mw.o(i.generatrForce)
    generatrForce2                           0x08003859   Thumb Code   644  thread_mw.o(i.generatrForce2)
    hx711_init                               0x08003afd   Thumb Code    56  hx711.o(i.hx711_init)
    imu_find_point                           0x08003b3d   Thumb Code   218  jy901.o(i.imu_find_point)
    imu_find_point2                          0x08003c25   Thumb Code   218  jy901.o(i.imu_find_point2)
    main                                     0x08003d0d   Thumb Code   124  main.o(i.main)
    read_Hx711                               0x08003da1   Thumb Code   498  hx711.o(i.read_Hx711)
    read_Imu                                 0x08003fc5   Thumb Code   124  jy901.o(i.read_Imu)
    send485                                  0x08004049   Thumb Code    12  jy901.o(i.send485)
    send4852                                 0x08004055   Thumb Code    12  jy901.o(i.send4852)
    send_ANO                                 0x08004061   Thumb Code    34  thread_mw.o(i.send_ANO)
    send_F7                                  0x08004091   Thumb Code   256  thread_mw.o(i.send_F7)
    swt_check                                0x08004199   Thumb Code   190  thread_mw.o(i.swt_check)
    swt_f                                    0x08004435   Thumb Code   194  thread_mw.o(i.swt_f)
    swt_help                                 0x080046b5   Thumb Code   112  thread_mw.o(i.swt_help)
    uart4_init                               0x08004981   Thumb Code   208  usart45.o(i.uart4_init)
    uart5_init                               0x08004a61   Thumb Code   268  usart45.o(i.uart5_init)
    uart_init                                0x08004b81   Thumb Code   240  usart.o(i.uart_init)
    usmart_cmd_rec                           0x08004c81   Thumb Code   170  usmart.o(i.usmart_cmd_rec)
    usmart_exe                               0x08004d31   Thumb Code   632  usmart.o(i.usmart_exe)
    usmart_get_aparm                         0x08005005   Thumb Code   212  usmart_str.o(i.usmart_get_aparm)
    usmart_get_cmdname                       0x080050d9   Thumb Code    54  usmart_str.o(i.usmart_get_cmdname)
    usmart_get_fname                         0x08005111   Thumb Code   440  usmart_str.o(i.usmart_get_fname)
    usmart_get_fparam                        0x080052d1   Thumb Code   262  usmart_str.o(i.usmart_get_fparam)
    usmart_get_parmpos                       0x080053dd   Thumb Code    26  usmart_str.o(i.usmart_get_parmpos)
    usmart_get_runtime                       0x080053fd   Thumb Code    56  usmart.o(i.usmart_get_runtime)
    usmart_init                              0x0800543d   Thumb Code    36  usmart.o(i.usmart_init)
    usmart_pow                               0x08005465   Thumb Code    22  usmart_str.o(i.usmart_pow)
    usmart_reset_runtime                     0x0800547d   Thumb Code    38  usmart.o(i.usmart_reset_runtime)
    usmart_scan                              0x080054ad   Thumb Code   120  usmart.o(i.usmart_scan)
    usmart_search_nextc                      0x08005569   Thumb Code    22  usmart_str.o(i.usmart_search_nextc)
    usmart_str2num                           0x0800557f   Thumb Code   262  usmart_str.o(i.usmart_str2num)
    usmart_strcmp                            0x08005685   Thumb Code    34  usmart_str.o(i.usmart_strcmp)
    usmart_strcopy                           0x080056a7   Thumb Code    22  usmart_str.o(i.usmart_strcopy)
    usmart_strlen                            0x080056bd   Thumb Code    24  usmart_str.o(i.usmart_strlen)
    usmart_sys_cmd_exe                       0x080056d5   Thumb Code  1570  usmart.o(i.usmart_sys_cmd_exe)
    __aeabi_d2f                              0x08005dc9   Thumb Code     0  d2f.o(x$fpl$d2f)
    _d2f                                     0x08005dc9   Thumb Code    98  d2f.o(x$fpl$d2f)
    __aeabi_dadd                             0x08005e2d   Thumb Code     0  daddsub_clz.o(x$fpl$dadd)
    _dadd                                    0x08005e2d   Thumb Code   332  daddsub_clz.o(x$fpl$dadd)
    __aeabi_ddiv                             0x08005f7d   Thumb Code     0  ddiv.o(x$fpl$ddiv)
    _ddiv                                    0x08005f7d   Thumb Code   552  ddiv.o(x$fpl$ddiv)
    __aeabi_ui2d                             0x0800622d   Thumb Code     0  dflt_clz.o(x$fpl$dfltu)
    _dfltu                                   0x0800622d   Thumb Code    38  dflt_clz.o(x$fpl$dfltu)
    __aeabi_dmul                             0x08006255   Thumb Code     0  dmul.o(x$fpl$dmul)
    _dmul                                    0x08006255   Thumb Code   332  dmul.o(x$fpl$dmul)
    __fpl_dnaninf                            0x080063a9   Thumb Code   156  dnaninf.o(x$fpl$dnaninf)
    __fpl_dretinf                            0x08006445   Thumb Code    12  dretinf.o(x$fpl$dretinf)
    __aeabi_dsub                             0x08006451   Thumb Code     0  daddsub_clz.o(x$fpl$dsub)
    _dsub                                    0x08006451   Thumb Code   464  daddsub_clz.o(x$fpl$dsub)
    __aeabi_f2d                              0x08006625   Thumb Code     0  f2d.o(x$fpl$f2d)
    _f2d                                     0x08006625   Thumb Code    86  f2d.o(x$fpl$f2d)
    __fpl_fnaninf                            0x0800667b   Thumb Code   140  fnaninf.o(x$fpl$fnaninf)
    _fp_init                                 0x08006707   Thumb Code    10  fpinit.o(x$fpl$fpinit)
    __fplib_config_fpu_vfp                   0x0800670f   Thumb Code     0  fpinit.o(x$fpl$fpinit)
    __fplib_config_pureend_doubles           0x0800670f   Thumb Code     0  fpinit.o(x$fpl$fpinit)
    __fpl_fretinf                            0x08006711   Thumb Code    10  fretinf.o(x$fpl$fretinf)
    __I$use$fp                               0x0800671a   Number         0  usenofp.o(x$fpl$usenofp)
    Region$$Table$$Base                      0x080067ac   Number         0  anon$$obj.o(Region$$Table)
    Region$$Table$$Limit                     0x080067cc   Number         0  anon$$obj.o(Region$$Table)
    swt                                      0x20000000   Data          10  thread_mw.o(.data)
    target_N                                 0x2000000c   Data          16  thread_mw.o(.data)
    state_F                                  0x20000044   Data           1  jy901.o(.data)
    state_S                                  0x20000045   Data           1  jy901.o(.data)
    stcTime                                  0x20000046   Data           8  jy901.o(.data)
    stcAcc                                   0x2000004e   Data           8  jy901.o(.data)
    stcGyro                                  0x20000056   Data           8  jy901.o(.data)
    stcAngle                                 0x2000005e   Data           8  jy901.o(.data)
    stcMag                                   0x20000066   Data           8  jy901.o(.data)
    stcDStatus                               0x2000006e   Data           8  jy901.o(.data)
    stcPress                                 0x20000078   Data           8  jy901.o(.data)
    stcLonLat                                0x20000080   Data           8  jy901.o(.data)
    stcGPSV                                  0x20000088   Data           8  jy901.o(.data)
    allowAddeId                              0x20000090   Data           6  jy901.o(.data)
    auchCRCHi                                0x20000096   Data         256  jy901.o(.data)
    auchCRCLo                                0x20000196   Data         256  jy901.o(.data)
    sys_cmd_tab                              0x200002c4   Data          28  usmart.o(.data)
    usmart_nametab                           0x200002e0   Data          24  usmart_config.o(.data)
    usmart_dev                               0x200002f8   Data         244  usmart_config.o(.data)
    __stdout                                 0x200003ec   Data           4  usart.o(.data)
    USART_RX_STA                             0x200003f0   Data           2  usart.o(.data)
    ano_o_F2                                 0x200003f4   Data          40  ano.o(.bss)
    ano_o_F3                                 0x2000041c   Data          40  ano.o(.bss)
    hx711_N                                  0x20000444   Data          16  hx711.o(.bss)
    stcIMU                                   0x20000454   Data         240  jy901.o(.bss)
    stcIMU_history                           0x20000544   Data         720  jy901.o(.bss)
    USART_RX_BUF                             0x2000082a   Data         200  usart.o(.bss)
    __libspace_start                         0x200008f4   Data          96  libspace.o(.bss)
    __temporary_stack_top$libspace           0x20000954   Data           0  libspace.o(.bss)



==============================================================================

Memory Map of the image

  Image Entry point : 0x08000189

  Load Region LR_IROM1 (Base: 0x08000000, Size: 0x00006bc0, Max: 0x00080000, ABSOLUTE, COMPRESSED[0x00006964])

    Execution Region ER_IROM1 (Exec base: 0x08000000, Load base: 0x08000000, Size: 0x000067cc, Max: 0x00080000, ABSOLUTE)

    Exec Addr    Load Addr    Size         Type   Attr      Idx    E Section Name        Object

    0x08000000   0x08000000   0x00000188   Data   RO          949    RESET               startup_stm32f407xx.o
    0x08000188   0x08000188   0x00000008   Code   RO         1058  * !!!main             c_w.l(__main.o)
    0x08000190   0x08000190   0x00000034   Code   RO         1261    !!!scatter          c_w.l(__scatter.o)
    0x080001c4   0x080001c4   0x0000005a   Code   RO         1259    !!dczerorl2         c_w.l(__dczerorl2.o)
    0x0800021e   0x0800021e   0x00000002   PAD
    0x08000220   0x08000220   0x0000001c   Code   RO         1263    !!handler_zi        c_w.l(__scatter_zi.o)
    0x0800023c   0x0800023c   0x00000000   Code   RO         1053    .ARM.Collect$$_printf_percent$$00000000  c_w.l(_printf_percent.o)
    0x0800023c   0x0800023c   0x00000006   Code   RO         1051    .ARM.Collect$$_printf_percent$$00000009  c_w.l(_printf_d.o)
    0x08000242   0x08000242   0x00000006   Code   RO         1052    .ARM.Collect$$_printf_percent$$0000000A  c_w.l(_printf_u.o)
    0x08000248   0x08000248   0x00000006   Code   RO         1050    .ARM.Collect$$_printf_percent$$0000000C  c_w.l(_printf_x.o)
    0x0800024e   0x0800024e   0x00000006   Code   RO         1048    .ARM.Collect$$_printf_percent$$00000013  c_w.l(_printf_c.o)
    0x08000254   0x08000254   0x00000006   Code   RO         1049    .ARM.Collect$$_printf_percent$$00000014  c_w.l(_printf_s.o)
    0x0800025a   0x0800025a   0x00000004   Code   RO         1091    .ARM.Collect$$_printf_percent$$00000017  c_w.l(_printf_percent_end.o)
    0x0800025e   0x0800025e   0x00000002   Code   RO         1133    .ARM.Collect$$libinit$$00000000  c_w.l(libinit.o)
    0x08000260   0x08000260   0x00000004   Code   RO         1139    .ARM.Collect$$libinit$$00000001  c_w.l(libinit2.o)
    0x08000264   0x08000264   0x00000000   Code   RO         1142    .ARM.Collect$$libinit$$00000004  c_w.l(libinit2.o)
    0x08000264   0x08000264   0x00000000   Code   RO         1145    .ARM.Collect$$libinit$$0000000A  c_w.l(libinit2.o)
    0x08000264   0x08000264   0x00000000   Code   RO         1147    .ARM.Collect$$libinit$$0000000C  c_w.l(libinit2.o)
    0x08000264   0x08000264   0x00000000   Code   RO         1149    .ARM.Collect$$libinit$$0000000E  c_w.l(libinit2.o)
    0x08000264   0x08000264   0x00000000   Code   RO         1152    .ARM.Collect$$libinit$$00000011  c_w.l(libinit2.o)
    0x08000264   0x08000264   0x00000000   Code   RO         1154    .ARM.Collect$$libinit$$00000013  c_w.l(libinit2.o)
    0x08000264   0x08000264   0x00000000   Code   RO         1156    .ARM.Collect$$libinit$$00000015  c_w.l(libinit2.o)
    0x08000264   0x08000264   0x00000000   Code   RO         1158    .ARM.Collect$$libinit$$00000017  c_w.l(libinit2.o)
    0x08000264   0x08000264   0x00000000   Code   RO         1160    .ARM.Collect$$libinit$$00000019  c_w.l(libinit2.o)
    0x08000264   0x08000264   0x00000000   Code   RO         1162    .ARM.Collect$$libinit$$0000001B  c_w.l(libinit2.o)
    0x08000264   0x08000264   0x00000000   Code   RO         1164    .ARM.Collect$$libinit$$0000001D  c_w.l(libinit2.o)
    0x08000264   0x08000264   0x00000000   Code   RO         1166    .ARM.Collect$$libinit$$0000001F  c_w.l(libinit2.o)
    0x08000264   0x08000264   0x00000000   Code   RO         1168    .ARM.Collect$$libinit$$00000021  c_w.l(libinit2.o)
    0x08000264   0x08000264   0x00000000   Code   RO         1170    .ARM.Collect$$libinit$$00000023  c_w.l(libinit2.o)
    0x08000264   0x08000264   0x00000000   Code   RO         1172    .ARM.Collect$$libinit$$00000025  c_w.l(libinit2.o)
    0x08000264   0x08000264   0x00000000   Code   RO         1176    .ARM.Collect$$libinit$$0000002C  c_w.l(libinit2.o)
    0x08000264   0x08000264   0x00000000   Code   RO         1178    .ARM.Collect$$libinit$$0000002E  c_w.l(libinit2.o)
    0x08000264   0x08000264   0x00000000   Code   RO         1180    .ARM.Collect$$libinit$$00000030  c_w.l(libinit2.o)
    0x08000264   0x08000264   0x00000000   Code   RO         1182    .ARM.Collect$$libinit$$00000032  c_w.l(libinit2.o)
    0x08000264   0x08000264   0x00000002   Code   RO         1183    .ARM.Collect$$libinit$$00000033  c_w.l(libinit2.o)
    0x08000266   0x08000266   0x00000002   Code   RO         1201    .ARM.Collect$$libshutdown$$00000000  c_w.l(libshutdown.o)
    0x08000268   0x08000268   0x00000000   Code   RO         1211    .ARM.Collect$$libshutdown$$00000002  c_w.l(libshutdown2.o)
    0x08000268   0x08000268   0x00000000   Code   RO         1213    .ARM.Collect$$libshutdown$$00000004  c_w.l(libshutdown2.o)
    0x08000268   0x08000268   0x00000000   Code   RO         1216    .ARM.Collect$$libshutdown$$00000007  c_w.l(libshutdown2.o)
    0x08000268   0x08000268   0x00000000   Code   RO         1219    .ARM.Collect$$libshutdown$$0000000A  c_w.l(libshutdown2.o)
    0x08000268   0x08000268   0x00000000   Code   RO         1221    .ARM.Collect$$libshutdown$$0000000C  c_w.l(libshutdown2.o)
    0x08000268   0x08000268   0x00000000   Code   RO         1224    .ARM.Collect$$libshutdown$$0000000F  c_w.l(libshutdown2.o)
    0x08000268   0x08000268   0x00000002   Code   RO         1225    .ARM.Collect$$libshutdown$$00000010  c_w.l(libshutdown2.o)
    0x0800026a   0x0800026a   0x00000000   Code   RO         1084    .ARM.Collect$$rtentry$$00000000  c_w.l(__rtentry.o)
    0x0800026a   0x0800026a   0x00000000   Code   RO         1102    .ARM.Collect$$rtentry$$00000002  c_w.l(__rtentry2.o)
    0x0800026a   0x0800026a   0x00000006   Code   RO         1114    .ARM.Collect$$rtentry$$00000004  c_w.l(__rtentry4.o)
    0x08000270   0x08000270   0x00000000   Code   RO         1104    .ARM.Collect$$rtentry$$00000009  c_w.l(__rtentry2.o)
    0x08000270   0x08000270   0x00000004   Code   RO         1105    .ARM.Collect$$rtentry$$0000000A  c_w.l(__rtentry2.o)
    0x08000274   0x08000274   0x00000000   Code   RO         1107    .ARM.Collect$$rtentry$$0000000C  c_w.l(__rtentry2.o)
    0x08000274   0x08000274   0x00000008   Code   RO         1108    .ARM.Collect$$rtentry$$0000000D  c_w.l(__rtentry2.o)
    0x0800027c   0x0800027c   0x00000002   Code   RO         1137    .ARM.Collect$$rtexit$$00000000  c_w.l(rtexit.o)
    0x0800027e   0x0800027e   0x00000000   Code   RO         1185    .ARM.Collect$$rtexit$$00000002  c_w.l(rtexit2.o)
    0x0800027e   0x0800027e   0x00000004   Code   RO         1186    .ARM.Collect$$rtexit$$00000003  c_w.l(rtexit2.o)
    0x08000282   0x08000282   0x00000006   Code   RO         1187    .ARM.Collect$$rtexit$$00000004  c_w.l(rtexit2.o)
    0x08000288   0x08000288   0x00000040   Code   RO          950    .text               startup_stm32f407xx.o
    0x080002c8   0x080002c8   0x00000002   Code   RO          993    .text               c_w.l(use_no_semi_2.o)
    0x080002ca   0x080002ca   0x00000002   PAD
    0x080002cc   0x080002cc   0x00000018   Code   RO          997    .text               c_w.l(noretval__2printf.o)
    0x080002e4   0x080002e4   0x0000004e   Code   RO         1001    .text               c_w.l(_printf_pad.o)
    0x08000332   0x08000332   0x00000052   Code   RO         1003    .text               c_w.l(_printf_str.o)
    0x08000384   0x08000384   0x00000078   Code   RO         1005    .text               c_w.l(_printf_dec.o)
    0x080003fc   0x080003fc   0x00000058   Code   RO         1010    .text               c_w.l(_printf_hex_int.o)
    0x08000454   0x08000454   0x00000188   Code   RO         1045    .text               c_w.l(__printf_flags_ss_wp.o)
    0x080005dc   0x080005dc   0x0000004e   Code   RO         1054    .text               c_w.l(rt_memclr_w.o)
    0x0800062a   0x0800062a   0x00000006   Code   RO         1056    .text               c_w.l(heapauxi.o)
    0x08000630   0x08000630   0x00000002   Code   RO         1082    .text               c_w.l(use_no_semi.o)
    0x08000632   0x08000632   0x000000b2   Code   RO         1085    .text               c_w.l(_printf_intcommon.o)
    0x080006e4   0x080006e4   0x0000002c   Code   RO         1087    .text               c_w.l(_printf_char.o)
    0x08000710   0x08000710   0x00000024   Code   RO         1089    .text               c_w.l(_printf_char_file.o)
    0x08000734   0x08000734   0x00000030   Code   RO         1116    .text               c_w.l(_printf_char_common.o)
    0x08000764   0x08000764   0x00000008   Code   RO         1118    .text               c_w.l(ferror.o)
    0x0800076c   0x0800076c   0x0000004a   Code   RO         1122    .text               c_w.l(sys_stackheap_outer.o)
    0x080007b6   0x080007b6   0x00000012   Code   RO         1126    .text               c_w.l(exit.o)
    0x080007c8   0x080007c8   0x00000008   Code   RO         1134    .text               c_w.l(libspace.o)
    0x080007d0   0x080007d0   0x00000082   Code   RO          292    i.ANO_report        ano.o
    0x08000852   0x08000852   0x00000058   Code   RO          293    i.ANO_send          ano.o
    0x080008aa   0x080008aa   0x00000002   PAD
    0x080008ac   0x080008ac   0x00000034   Code   RO          434    i.CRC16             jy901.o
    0x080008e0   0x080008e0   0x00000e98   Code   RO          435    i.CopeSerialData    jy901.o
    0x08001778   0x08001778   0x00000e98   Code   RO          436    i.CopeSerialData2   jy901.o
    0x08002610   0x08002610   0x00000040   Code   RO          190    i.GPIO_AF_Set       sys.o
    0x08002650   0x08002650   0x000000de   Code   RO          191    i.GPIO_Set          sys.o
    0x0800272e   0x0800272e   0x00000002   PAD
    0x08002730   0x08002730   0x00000078   Code   RO          194    i.MY_NVIC_Init      sys.o
    0x080027a8   0x080027a8   0x00000028   Code   RO          195    i.MY_NVIC_PriorityGroupConfig  sys.o
    0x080027d0   0x080027d0   0x00000010   Code   RO          196    i.MY_NVIC_SetVectorTable  sys.o
    0x080027e0   0x080027e0   0x000000e0   Code   RO          437    i.ModbusRWReg       jy901.o
    0x080028c0   0x080028c0   0x000000e0   Code   RO          438    i.ModbusRWReg2      jy901.o
    0x080029a0   0x080029a0   0x0000001c   Code   RO          629    i.PcTx_Byte4        usart45.o
    0x080029bc   0x080029bc   0x00000018   Code   RO          630    i.PcTx_Byte5        usart45.o
    0x080029d4   0x080029d4   0x00000128   Code   RO          523    i.RS485_Init        rs485.o
    0x08002afc   0x08002afc   0x0000012c   Code   RO          524    i.RS485_Init2       rs485.o
    0x08002c28   0x08002c28   0x0000004c   Code   RO          525    i.RS485_Send_Data   rs485.o
    0x08002c74   0x08002c74   0x0000004c   Code   RO          526    i.RS485_Send_Data2  rs485.o
    0x08002cc0   0x08002cc0   0x000000b8   Code   RO          364    i.ReadCountA        hx711.o
    0x08002d78   0x08002d78   0x000000b8   Code   RO          365    i.ReadCountB        hx711.o
    0x08002e30   0x08002e30   0x000000b8   Code   RO          366    i.ReadCountC        hx711.o
    0x08002ee8   0x08002ee8   0x000000b8   Code   RO          367    i.ReadCountD        hx711.o
    0x08002fa0   0x08002fa0   0x00000068   Code   RO          197    i.Stm32_Clock_Init  sys.o
    0x08003008   0x08003008   0x0000010c   Code   RO          198    i.Sys_Clock_Set     sys.o
    0x08003114   0x08003114   0x00000064   Code   RO          958    i.SystemInit        system_stm32f4xx.o
    0x08003178   0x08003178   0x0000003c   Code   RO          687    i.TIM4_IRQHandler   usmart.o
    0x080031b4   0x080031b4   0x00000050   Code   RO          688    i.Timer4_Init       usmart.o
    0x08003204   0x08003204   0x00000028   Code   RO          631    i.UART5_IRQHandler  usart45.o
    0x0800322c   0x0800322c   0x00000080   Code   RO          897    i.USART1_IRQHandler  usart.o
    0x080032ac   0x080032ac   0x00000020   Code   RO          527    i.USART2_IRQHandler  rs485.o
    0x080032cc   0x080032cc   0x00000020   Code   RO          528    i.USART3_IRQHandler  rs485.o
    0x080032ec   0x080032ec   0x0000000e   Code   RO         1038    i._is_digit         c_w.l(__printf_wp.o)
    0x080032fa   0x080032fa   0x00000008   Code   RO          898    i._sys_exit         usart.o
    0x08003302   0x08003302   0x00000002   PAD
    0x08003304   0x08003304   0x000001c4   Code   RO          112    i.com_F7            thread_mw.o
    0x080034c8   0x080034c8   0x0000000e   Code   RO          632    i.cope_uart5        usart45.o
    0x080034d6   0x080034d6   0x0000000e   Code   RO          368    i.delay             hx711.o
    0x080034e4   0x080034e4   0x00000040   Code   RO          581    i.delay_init        delay.o
    0x08003524   0x08003524   0x00000038   Code   RO          582    i.delay_ms          delay.o
    0x0800355c   0x0800355c   0x0000003c   Code   RO          584    i.delay_xms         delay.o
    0x08003598   0x08003598   0x0000001c   Code   RO          899    i.fputc             usart.o
    0x080035b4   0x080035b4   0x000002a4   Code   RO          113    i.generatrForce     thread_mw.o
    0x08003858   0x08003858   0x000002a4   Code   RO          114    i.generatrForce2    thread_mw.o
    0x08003afc   0x08003afc   0x00000040   Code   RO          369    i.hx711_init        hx711.o
    0x08003b3c   0x08003b3c   0x000000e8   Code   RO          439    i.imu_find_point    jy901.o
    0x08003c24   0x08003c24   0x000000e8   Code   RO          440    i.imu_find_point2   jy901.o
    0x08003d0c   0x08003d0c   0x00000094   Code   RO            4    i.main              main.o
    0x08003da0   0x08003da0   0x00000224   Code   RO          370    i.read_Hx711        hx711.o
    0x08003fc4   0x08003fc4   0x00000084   Code   RO          441    i.read_Imu          jy901.o
    0x08004048   0x08004048   0x0000000c   Code   RO          442    i.send485           jy901.o
    0x08004054   0x08004054   0x0000000c   Code   RO          443    i.send4852          jy901.o
    0x08004060   0x08004060   0x00000030   Code   RO          115    i.send_ANO          thread_mw.o
    0x08004090   0x08004090   0x00000108   Code   RO          116    i.send_F7           thread_mw.o
    0x08004198   0x08004198   0x0000029c   Code   RO          117    i.swt_check         thread_mw.o
    0x08004434   0x08004434   0x00000280   Code   RO          118    i.swt_f             thread_mw.o
    0x080046b4   0x080046b4   0x000002cc   Code   RO          119    i.swt_help          thread_mw.o
    0x08004980   0x08004980   0x000000e0   Code   RO          633    i.uart4_init        usart45.o
    0x08004a60   0x08004a60   0x00000120   Code   RO          634    i.uart5_init        usart45.o
    0x08004b80   0x08004b80   0x00000100   Code   RO          900    i.uart_init         usart.o
    0x08004c80   0x08004c80   0x000000b0   Code   RO          689    i.usmart_cmd_rec    usmart.o
    0x08004d30   0x08004d30   0x000002d4   Code   RO          690    i.usmart_exe        usmart.o
    0x08005004   0x08005004   0x000000d4   Code   RO          813    i.usmart_get_aparm  usmart_str.o
    0x080050d8   0x080050d8   0x00000036   Code   RO          814    i.usmart_get_cmdname  usmart_str.o
    0x0800510e   0x0800510e   0x00000002   PAD
    0x08005110   0x08005110   0x000001c0   Code   RO          815    i.usmart_get_fname  usmart_str.o
    0x080052d0   0x080052d0   0x0000010c   Code   RO          816    i.usmart_get_fparam  usmart_str.o
    0x080053dc   0x080053dc   0x00000020   Code   RO          817    i.usmart_get_parmpos  usmart_str.o
    0x080053fc   0x080053fc   0x00000040   Code   RO          691    i.usmart_get_runtime  usmart.o
    0x0800543c   0x0800543c   0x00000028   Code   RO          692    i.usmart_init       usmart.o
    0x08005464   0x08005464   0x00000016   Code   RO          818    i.usmart_pow        usmart_str.o
    0x0800547a   0x0800547a   0x00000002   PAD
    0x0800547c   0x0800547c   0x00000030   Code   RO          693    i.usmart_reset_runtime  usmart.o
    0x080054ac   0x080054ac   0x000000bc   Code   RO          694    i.usmart_scan       usmart.o
    0x08005568   0x08005568   0x00000016   Code   RO          819    i.usmart_search_nextc  usmart_str.o
    0x0800557e   0x0800557e   0x00000106   Code   RO          820    i.usmart_str2num    usmart_str.o
    0x08005684   0x08005684   0x00000022   Code   RO          821    i.usmart_strcmp     usmart_str.o
    0x080056a6   0x080056a6   0x00000016   Code   RO          822    i.usmart_strcopy    usmart_str.o
    0x080056bc   0x080056bc   0x00000018   Code   RO          823    i.usmart_strlen     usmart_str.o
    0x080056d4   0x080056d4   0x000006f4   Code   RO          695    i.usmart_sys_cmd_exe  usmart.o
    0x08005dc8   0x08005dc8   0x00000062   Code   RO         1060    x$fpl$d2f           fz_wm.l(d2f.o)
    0x08005e2a   0x08005e2a   0x00000002   PAD
    0x08005e2c   0x08005e2c   0x00000150   Code   RO         1062    x$fpl$dadd          fz_wm.l(daddsub_clz.o)
    0x08005f7c   0x08005f7c   0x000002b0   Code   RO         1069    x$fpl$ddiv          fz_wm.l(ddiv.o)
    0x0800622c   0x0800622c   0x00000026   Code   RO         1072    x$fpl$dfltu         fz_wm.l(dflt_clz.o)
    0x08006252   0x08006252   0x00000002   PAD
    0x08006254   0x08006254   0x00000154   Code   RO         1078    x$fpl$dmul          fz_wm.l(dmul.o)
    0x080063a8   0x080063a8   0x0000009c   Code   RO         1092    x$fpl$dnaninf       fz_wm.l(dnaninf.o)
    0x08006444   0x08006444   0x0000000c   Code   RO         1094    x$fpl$dretinf       fz_wm.l(dretinf.o)
    0x08006450   0x08006450   0x000001d4   Code   RO         1064    x$fpl$dsub          fz_wm.l(daddsub_clz.o)
    0x08006624   0x08006624   0x00000056   Code   RO         1080    x$fpl$f2d           fz_wm.l(f2d.o)
    0x0800667a   0x0800667a   0x0000008c   Code   RO         1096    x$fpl$fnaninf       fz_wm.l(fnaninf.o)
    0x08006706   0x08006706   0x0000000a   Code   RO         1193    x$fpl$fpinit        fz_wm.l(fpinit.o)
    0x08006710   0x08006710   0x0000000a   Code   RO         1098    x$fpl$fretinf       fz_wm.l(fretinf.o)
    0x0800671a   0x0800671a   0x00000000   Code   RO         1100    x$fpl$usenofp       fz_wm.l(usenofp.o)
    0x0800671a   0x0800671a   0x00000028   Data   RO         1011    .constdata          c_w.l(_printf_hex_int.o)
    0x08006742   0x08006742   0x00000011   Data   RO         1046    .constdata          c_w.l(__printf_flags_ss_wp.o)
    0x08006753   0x08006753   0x00000001   PAD
    0x08006754   0x08006754   0x00000028   Data   RO          696    .conststring        usmart.o
    0x0800677c   0x0800677c   0x0000002f   Data   RO          778    .conststring        usmart_config.o
    0x080067ab   0x080067ab   0x00000001   PAD
    0x080067ac   0x080067ac   0x00000020   Data   RO         1257    Region$$Table       anon$$obj.o


    Execution Region RW_IRAM1 (Exec base: 0x20000000, Load base: 0x080067cc, Size: 0x00000f58, Max: 0x00020000, ABSOLUTE, COMPRESSED[0x00000198])

    Exec Addr    Load Addr    Size         Type   Attr      Idx    E Section Name        Object

    0x20000000   COMPRESSED   0x00000041   Data   RW          120    .data               thread_mw.o
    0x20000041   COMPRESSED   0x00000003   PAD
    0x20000044   COMPRESSED   0x00000279   Data   RW          445    .data               jy901.o
    0x200002bd   COMPRESSED   0x00000001   PAD
    0x200002be   COMPRESSED   0x00000004   Data   RW          585    .data               delay.o
    0x200002c2   COMPRESSED   0x00000002   PAD
    0x200002c4   COMPRESSED   0x0000001c   Data   RW          697    .data               usmart.o
    0x200002e0   COMPRESSED   0x0000010c   Data   RW          779    .data               usmart_config.o
    0x200003ec   COMPRESSED   0x00000006   Data   RW          902    .data               usart.o
    0x200003f2   COMPRESSED   0x00000002   PAD
    0x200003f4        -       0x00000050   Zero   RW          294    .bss                ano.o
    0x20000444        -       0x00000010   Zero   RW          371    .bss                hx711.o
    0x20000454        -       0x000003d6   Zero   RW          444    .bss                jy901.o
    0x2000082a        -       0x000000c8   Zero   RW          901    .bss                usart.o
    0x200008f2   COMPRESSED   0x00000002   PAD
    0x200008f4        -       0x00000060   Zero   RW         1135    .bss                c_w.l(libspace.o)
    0x20000954   COMPRESSED   0x00000004   PAD
    0x20000958        -       0x00000200   Zero   RW          948    HEAP                startup_stm32f407xx.o
    0x20000b58        -       0x00000400   Zero   RW          947    STACK               startup_stm32f407xx.o


==============================================================================

Image component sizes


      Code (inc. data)   RO Data    RW Data    ZI Data      Debug   Object Name

       218          0          0          0         80       2616   ano.o
       180         12          0          4          0       1760   delay.o
      1362        178          0          0         16       5200   hx711.o
      8592        432          0        633        982      10420   jy901.o
       148         24          0          0          0     195467   main.o
       812         72          0          0          0       4108   rs485.o
        64         26        392          0       1536        856   startup_stm32f407xx.o
       834         44          0          0          0       4926   sys.o
       100         18          0          0          0        517   system_stm32f4xx.o
      4140       1652          0         65          0       6505   thread_mw.o
       420         34          0          6        200       4216   usart.o
       618         54          0          0          0       3448   usart45.o
      3160       1350         40         28          0       6633   usmart.o
         0          0         47        268          0       1556   usmart_config.o
      1400         20          0          0          0       8857   usmart_str.o

    ----------------------------------------------------------------------
     22058       3916        512       1012       2816     257085   Object Totals
         0          0         32          0          0          0   (incl. Generated)
        10          0          1          8          2          0   (incl. Padding)

    ----------------------------------------------------------------------

      Code (inc. data)   RO Data    RW Data    ZI Data      Debug   Library Member Name

        90          0          0          0          0          0   __dczerorl2.o
         8          0          0          0          0         68   __main.o
       392          4         17          0          0         92   __printf_flags_ss_wp.o
        14          0          0          0          0         68   __printf_wp.o
         0          0          0          0          0          0   __rtentry.o
        12          0          0          0          0          0   __rtentry2.o
         6          0          0          0          0          0   __rtentry4.o
        52          8          0          0          0          0   __scatter.o
        28          0          0          0          0          0   __scatter_zi.o
         6          0          0          0          0          0   _printf_c.o
        44          0          0          0          0        108   _printf_char.o
        48          6          0          0          0         96   _printf_char_common.o
        36          4          0          0          0         80   _printf_char_file.o
         6          0          0          0          0          0   _printf_d.o
       120         16          0          0          0         92   _printf_dec.o
        88          4         40          0          0         88   _printf_hex_int.o
       178          0          0          0          0         88   _printf_intcommon.o
        78          0          0          0          0        108   _printf_pad.o
         0          0          0          0          0          0   _printf_percent.o
         4          0          0          0          0          0   _printf_percent_end.o
         6          0          0          0          0          0   _printf_s.o
        82          0          0          0          0         80   _printf_str.o
         6          0          0          0          0          0   _printf_u.o
         6          0          0          0          0          0   _printf_x.o
        18          0          0          0          0         80   exit.o
         8          0          0          0          0         68   ferror.o
         6          0          0          0          0        152   heapauxi.o
         2          0          0          0          0          0   libinit.o
         6          0          0          0          0          0   libinit2.o
         2          0          0          0          0          0   libshutdown.o
         2          0          0          0          0          0   libshutdown2.o
         8          4          0          0         96         68   libspace.o
        24          4          0          0          0         84   noretval__2printf.o
        78          0          0          0          0         80   rt_memclr_w.o
         2          0          0          0          0          0   rtexit.o
        10          0          0          0          0          0   rtexit2.o
        74          0          0          0          0         80   sys_stackheap_outer.o
         2          0          0          0          0         68   use_no_semi.o
         2          0          0          0          0         68   use_no_semi_2.o
        98          4          0          0          0        140   d2f.o
       804         16          0          0          0        368   daddsub_clz.o
       688        140          0          0          0        256   ddiv.o
        38          0          0          0          0        116   dflt_clz.o
       340         12          0          0          0        152   dmul.o
       156          4          0          0          0        140   dnaninf.o
        12          0          0          0          0        116   dretinf.o
        86          4          0          0          0        132   f2d.o
       140          4          0          0          0        132   fnaninf.o
        10          0          0          0          0        116   fpinit.o
        10          0          0          0          0        116   fretinf.o
         0          0          0          0          0          0   usenofp.o

    ----------------------------------------------------------------------
      3944        234         58          0        100       3500   Library Totals
         8          0          1          0          4          0   (incl. Padding)

    ----------------------------------------------------------------------

      Code (inc. data)   RO Data    RW Data    ZI Data      Debug   Library Name

      1554         50         57          0         96       1716   c_w.l
      2382        184          0          0          0       1784   fz_wm.l

    ----------------------------------------------------------------------
      3944        234         58          0        100       3500   Library Totals

    ----------------------------------------------------------------------

==============================================================================


      Code (inc. data)   RO Data    RW Data    ZI Data      Debug   

     26002       4150        570       1012       2916     251753   Grand Totals
     26002       4150        570        408       2916     251753   ELF Image Totals (compressed)
     26002       4150        570        408          0          0   ROM Totals

==============================================================================

    Total RO  Size (Code + RO Data)                26572 (  25.95kB)
    Total RW  Size (RW Data + ZI Data)              3928 (   3.84kB)
    Total ROM Size (Code + RO Data + RW Data)      26980 (  26.35kB)

==============================================================================

