<html>
<body>
<pre>
<h1>µVision Build Log</h1>
<h2>Tool Versions:</h2>
IDE-Version: ¦ÌVision V5.26.2.0
Copyright (C) 2018 ARM Ltd and ARM Germany GmbH. All rights reserved.
License Information: meetwit meetwit, meetwit, LIC=FQQQD-851PR-RFJIZ-JG8P3-DSA4C-59YJM
 
Tool Versions:
Toolchain:       MDK-ARM Professional  Version: 5.26.2.0
Toolchain Path:  C:\Keil_v5\ARM\ARMCC\Bin
C Compiler:      Armcc.exe V5.06 update 6 (build 750)
Assembler:       Armasm.exe V5.06 update 6 (build 750)
Linker/Locator:  ArmLink.exe V5.06 update 6 (build 750)
Library Manager: ArmAr.exe V5.06 update 6 (build 750)
Hex Converter:   FromElf.exe V5.06 update 6 (build 750)
CPU DLL:         SARMCM3.DLL V5.26.2.0
Dialog DLL:      DCM.DLL V1.17.2.0
Target DLL:      CMSIS_AGDI.dll V1.30.6.0
Dialog DLL:      TCM.DLL V1.36.1.0
 
<h2>Project:</h2>
C:\Users\meetwit\Desktop\imu485Âã»ú+usmart\imu485.uvprojx
Project File Date:  05/05/2019

<h2>Output:</h2>
*** Using Compiler 'V5.06 update 6 (build 750)', folder: 'C:\Keil_v5\ARM\ARMCC\Bin'
Rebuild target 'imu485'
compiling main.c...
compiling sys.c...
compiling thread_mw.c...
compiling ANO.c...
compiling hx711.c...
compiling rs485.c...
compiling delay.c...
compiling JY901.c...
SRC\JY901.c(169): warning:  #1035-D: single-precision operand implicitly converted to double-precision
  			stcIMU[index].x_Angle = stcIMU_history[index][0].x_Angle*0.5+stcIMU_history[index][1].x_Angle*0.3+stcIMU_history[index][2].x_Angle*0.2;
SRC\JY901.c(169): warning:  #1035-D: single-precision operand implicitly converted to double-precision
  			stcIMU[index].x_Angle = stcIMU_history[index][0].x_Angle*0.5+stcIMU_history[index][1].x_Angle*0.3+stcIMU_history[index][2].x_Angle*0.2;
SRC\JY901.c(169): warning:  #1035-D: single-precision operand implicitly converted to double-precision
  			stcIMU[index].x_Angle = stcIMU_history[index][0].x_Angle*0.5+stcIMU_history[index][1].x_Angle*0.3+stcIMU_history[index][2].x_Angle*0.2;
SRC\JY901.c(174): warning:  #1035-D: single-precision operand implicitly converted to double-precision
  			stcIMU[index].y_Angle = stcIMU_history[index][0].y_Angle*0.5+stcIMU_history[index][1].y_Angle*0.3+stcIMU_history[index][2].y_Angle*0.2;
SRC\JY901.c(174): warning:  #1035-D: single-precision operand implicitly converted to double-precision
  			stcIMU[index].y_Angle = stcIMU_history[index][0].y_Angle*0.5+stcIMU_history[index][1].y_Angle*0.3+stcIMU_history[index][2].y_Angle*0.2;
SRC\JY901.c(174): warning:  #1035-D: single-precision operand implicitly converted to double-precision
  			stcIMU[index].y_Angle = stcIMU_history[index][0].y_Angle*0.5+stcIMU_history[index][1].y_Angle*0.3+stcIMU_history[index][2].y_Angle*0.2;
SRC\JY901.c(179): warning:  #1035-D: single-precision operand implicitly converted to double-precision
  			stcIMU[index].z_Angle = stcIMU_history[index][0].z_Angle*0.5+stcIMU_history[index][1].z_Angle*0.3+stcIMU_history[index][2].z_Angle*0.2;
SRC\JY901.c(179): warning:  #1035-D: single-precision operand implicitly converted to double-precision
  			stcIMU[index].z_Angle = stcIMU_history[index][0].z_Angle*0.5+stcIMU_history[index][1].z_Angle*0.3+stcIMU_history[index][2].z_Angle*0.2;
SRC\JY901.c(179): warning:  #1035-D: single-precision operand implicitly converted to double-precision
  			stcIMU[index].z_Angle = stcIMU_history[index][0].z_Angle*0.5+stcIMU_history[index][1].z_Angle*0.3+stcIMU_history[index][2].z_Angle*0.2;
SRC\JY901.c(196): warning:  #1035-D: single-precision operand implicitly converted to double-precision
  			stcIMU[index].x_a = stcIMU_history[index][0].x_a*0.5+stcIMU_history[index][1].x_a*0.3+stcIMU_history[index][2].x_a*0.2;
SRC\JY901.c(196): warning:  #1035-D: single-precision operand implicitly converted to double-precision
  			stcIMU[index].x_a = stcIMU_history[index][0].x_a*0.5+stcIMU_history[index][1].x_a*0.3+stcIMU_history[index][2].x_a*0.2;
SRC\JY901.c(196): warning:  #1035-D: single-precision operand implicitly converted to double-precision
  			stcIMU[index].x_a = stcIMU_history[index][0].x_a*0.5+stcIMU_history[index][1].x_a*0.3+stcIMU_history[index][2].x_a*0.2;
SRC\JY901.c(201): warning:  #1035-D: single-precision operand implicitly converted to double-precision
  			stcIMU[index].y_a = stcIMU_history[index][0].y_a*0.5+stcIMU_history[index][1].y_a*0.3+stcIMU_history[index][2].y_a*0.2;
SRC\JY901.c(201): warning:  #1035-D: single-precision operand implicitly converted to double-precision
  			stcIMU[index].y_a = stcIMU_history[index][0].y_a*0.5+stcIMU_history[index][1].y_a*0.3+stcIMU_history[index][2].y_a*0.2;
SRC\JY901.c(201): warning:  #1035-D: single-precision operand implicitly converted to double-precision
  			stcIMU[index].y_a = stcIMU_history[index][0].y_a*0.5+stcIMU_history[index][1].y_a*0.3+stcIMU_history[index][2].y_a*0.2;
SRC\JY901.c(206): warning:  #1035-D: single-precision operand implicitly converted to double-precision
  			stcIMU[index].z_a = stcIMU_history[index][0].z_a*0.5+stcIMU_history[index][1].z_a*0.3+stcIMU_history[index][2].z_a*0.2;
SRC\JY901.c(206): warning:  #1035-D: single-precision operand implicitly converted to double-precision
  			stcIMU[index].z_a = stcIMU_history[index][0].z_a*0.5+stcIMU_history[index][1].z_a*0.3+stcIMU_history[index][2].z_a*0.2;
SRC\JY901.c(206): warning:  #1035-D: single-precision operand implicitly converted to double-precision
  			stcIMU[index].z_a = stcIMU_history[index][0].z_a*0.5+stcIMU_history[index][1].z_a*0.3+stcIMU_history[index][2].z_a*0.2;
SRC\JY901.c(217): warning:  #1035-D: single-precision operand implicitly converted to double-precision
  			stcIMU[index].x_w = stcIMU_history[index][0].x_w*0.5+stcIMU_history[index][1].x_w*0.3+stcIMU_history[index][2].x_w*0.2;
SRC\JY901.c(217): warning:  #1035-D: single-precision operand implicitly converted to double-precision
  			stcIMU[index].x_w = stcIMU_history[index][0].x_w*0.5+stcIMU_history[index][1].x_w*0.3+stcIMU_history[index][2].x_w*0.2;
SRC\JY901.c(217): warning:  #1035-D: single-precision operand implicitly converted to double-precision
  			stcIMU[index].x_w = stcIMU_history[index][0].x_w*0.5+stcIMU_history[index][1].x_w*0.3+stcIMU_history[index][2].x_w*0.2;
SRC\JY901.c(222): warning:  #1035-D: single-precision operand implicitly converted to double-precision
  			stcIMU[index].y_w = stcIMU_history[index][0].y_w*0.5+stcIMU_history[index][1].y_w*0.3+stcIMU_history[index][2].y_w*0.2;
SRC\JY901.c(222): warning:  #1035-D: single-precision operand implicitly converted to double-precision
  			stcIMU[index].y_w = stcIMU_history[index][0].y_w*0.5+stcIMU_history[index][1].y_w*0.3+stcIMU_history[index][2].y_w*0.2;
SRC\JY901.c(222): warning:  #1035-D: single-precision operand implicitly converted to double-precision
  			stcIMU[index].y_w = stcIMU_history[index][0].y_w*0.5+stcIMU_history[index][1].y_w*0.3+stcIMU_history[index][2].y_w*0.2;
SRC\JY901.c(227): warning:  #1035-D: single-precision operand implicitly converted to double-precision
  			stcIMU[index].z_w = stcIMU_history[index][0].z_w*0.5+stcIMU_history[index][1].z_w*0.3+stcIMU_history[index][2].z_w*0.2;
SRC\JY901.c(227): warning:  #1035-D: single-precision operand implicitly converted to double-precision
  			stcIMU[index].z_w = stcIMU_history[index][0].z_w*0.5+stcIMU_history[index][1].z_w*0.3+stcIMU_history[index][2].z_w*0.2;
SRC\JY901.c(227): warning:  #1035-D: single-precision operand implicitly converted to double-precision
  			stcIMU[index].z_w = stcIMU_history[index][0].z_w*0.5+stcIMU_history[index][1].z_w*0.3+stcIMU_history[index][2].z_w*0.2;
SRC\JY901.c(330): warning:  #1035-D: single-precision operand implicitly converted to double-precision
  			stcIMU[index].x_Angle = stcIMU_history[index][0].x_Angle*0.5+stcIMU_history[index][1].x_Angle*0.3+stcIMU_history[index][2].x_Angle*0.2;
SRC\JY901.c(330): warning:  #1035-D: single-precision operand implicitly converted to double-precision
  			stcIMU[index].x_Angle = stcIMU_history[index][0].x_Angle*0.5+stcIMU_history[index][1].x_Angle*0.3+stcIMU_history[index][2].x_Angle*0.2;
SRC\JY901.c(330): warning:  #1035-D: single-precision operand implicitly converted to double-precision
  			stcIMU[index].x_Angle = stcIMU_history[index][0].x_Angle*0.5+stcIMU_history[index][1].x_Angle*0.3+stcIMU_history[index][2].x_Angle*0.2;
SRC\JY901.c(335): warning:  #1035-D: single-precision operand implicitly converted to double-precision
  			stcIMU[index].y_Angle = stcIMU_history[index][0].y_Angle*0.5+stcIMU_history[index][1].y_Angle*0.3+stcIMU_history[index][2].y_Angle*0.2;
SRC\JY901.c(335): warning:  #1035-D: single-precision operand implicitly converted to double-precision
  			stcIMU[index].y_Angle = stcIMU_history[index][0].y_Angle*0.5+stcIMU_history[index][1].y_Angle*0.3+stcIMU_history[index][2].y_Angle*0.2;
SRC\JY901.c(335): warning:  #1035-D: single-precision operand implicitly converted to double-precision
  			stcIMU[index].y_Angle = stcIMU_history[index][0].y_Angle*0.5+stcIMU_history[index][1].y_Angle*0.3+stcIMU_history[index][2].y_Angle*0.2;
SRC\JY901.c(340): warning:  #1035-D: single-precision operand implicitly converted to double-precision
  			stcIMU[index].z_Angle = stcIMU_history[index][0].z_Angle*0.5+stcIMU_history[index][1].z_Angle*0.3+stcIMU_history[index][2].z_Angle*0.2;
SRC\JY901.c(340): warning:  #1035-D: single-precision operand implicitly converted to double-precision
  			stcIMU[index].z_Angle = stcIMU_history[index][0].z_Angle*0.5+stcIMU_history[index][1].z_Angle*0.3+stcIMU_history[index][2].z_Angle*0.2;
SRC\JY901.c(340): warning:  #1035-D: single-precision operand implicitly converted to double-precision
  			stcIMU[index].z_Angle = stcIMU_history[index][0].z_Angle*0.5+stcIMU_history[index][1].z_Angle*0.3+stcIMU_history[index][2].z_Angle*0.2;
SRC\JY901.c(358): warning:  #1035-D: single-precision operand implicitly converted to double-precision
  			stcIMU[index].x_a = stcIMU_history[index][0].x_a*0.5+stcIMU_history[index][1].x_a*0.3+stcIMU_history[index][2].x_a*0.2;
SRC\JY901.c(358): warning:  #1035-D: single-precision operand implicitly converted to double-precision
  			stcIMU[index].x_a = stcIMU_history[index][0].x_a*0.5+stcIMU_history[index][1].x_a*0.3+stcIMU_history[index][2].x_a*0.2;
SRC\JY901.c(358): warning:  #1035-D: single-precision operand implicitly converted to double-precision
  			stcIMU[index].x_a = stcIMU_history[index][0].x_a*0.5+stcIMU_history[index][1].x_a*0.3+stcIMU_history[index][2].x_a*0.2;
SRC\JY901.c(363): warning:  #1035-D: single-precision operand implicitly converted to double-precision
  			stcIMU[index].y_a = stcIMU_history[index][0].y_a*0.5+stcIMU_history[index][1].y_a*0.3+stcIMU_history[index][2].y_a*0.2;
SRC\JY901.c(363): warning:  #1035-D: single-precision operand implicitly converted to double-precision
  			stcIMU[index].y_a = stcIMU_history[index][0].y_a*0.5+stcIMU_history[index][1].y_a*0.3+stcIMU_history[index][2].y_a*0.2;
SRC\JY901.c(363): warning:  #1035-D: single-precision operand implicitly converted to double-precision
  			stcIMU[index].y_a = stcIMU_history[index][0].y_a*0.5+stcIMU_history[index][1].y_a*0.3+stcIMU_history[index][2].y_a*0.2;
SRC\JY901.c(368): warning:  #1035-D: single-precision operand implicitly converted to double-precision
  			stcIMU[index].z_a = stcIMU_history[index][0].z_a*0.5+stcIMU_history[index][1].z_a*0.3+stcIMU_history[index][2].z_a*0.2;
SRC\JY901.c(368): warning:  #1035-D: single-precision operand implicitly converted to double-precision
  			stcIMU[index].z_a = stcIMU_history[index][0].z_a*0.5+stcIMU_history[index][1].z_a*0.3+stcIMU_history[index][2].z_a*0.2;
SRC\JY901.c(368): warning:  #1035-D: single-precision operand implicitly converted to double-precision
  			stcIMU[index].z_a = stcIMU_history[index][0].z_a*0.5+stcIMU_history[index][1].z_a*0.3+stcIMU_history[index][2].z_a*0.2;
SRC\JY901.c(379): warning:  #1035-D: single-precision operand implicitly converted to double-precision
  			stcIMU[index].x_w = stcIMU_history[index][0].x_w*0.5+stcIMU_history[index][1].x_w*0.3+stcIMU_history[index][2].x_w*0.2;
SRC\JY901.c(379): warning:  #1035-D: single-precision operand implicitly converted to double-precision
  			stcIMU[index].x_w = stcIMU_history[index][0].x_w*0.5+stcIMU_history[index][1].x_w*0.3+stcIMU_history[index][2].x_w*0.2;
SRC\JY901.c(379): warning:  #1035-D: single-precision operand implicitly converted to double-precision
  			stcIMU[index].x_w = stcIMU_history[index][0].x_w*0.5+stcIMU_history[index][1].x_w*0.3+stcIMU_history[index][2].x_w*0.2;
SRC\JY901.c(384): warning:  #1035-D: single-precision operand implicitly converted to double-precision
  			stcIMU[index].y_w = stcIMU_history[index][0].y_w*0.5+stcIMU_history[index][1].y_w*0.3+stcIMU_history[index][2].y_w*0.2;
SRC\JY901.c(384): warning:  #1035-D: single-precision operand implicitly converted to double-precision
  			stcIMU[index].y_w = stcIMU_history[index][0].y_w*0.5+stcIMU_history[index][1].y_w*0.3+stcIMU_history[index][2].y_w*0.2;
SRC\JY901.c(384): warning:  #1035-D: single-precision operand implicitly converted to double-precision
  			stcIMU[index].y_w = stcIMU_history[index][0].y_w*0.5+stcIMU_history[index][1].y_w*0.3+stcIMU_history[index][2].y_w*0.2;
SRC\JY901.c(389): warning:  #1035-D: single-precision operand implicitly converted to double-precision
  			stcIMU[index].z_w = stcIMU_history[index][0].z_w*0.5+stcIMU_history[index][1].z_w*0.3+stcIMU_history[index][2].z_w*0.2;
SRC\JY901.c(389): warning:  #1035-D: single-precision operand implicitly converted to double-precision
  			stcIMU[index].z_w = stcIMU_history[index][0].z_w*0.5+stcIMU_history[index][1].z_w*0.3+stcIMU_history[index][2].z_w*0.2;
SRC\JY901.c(389): warning:  #1035-D: single-precision operand implicitly converted to double-precision
  			stcIMU[index].z_w = stcIMU_history[index][0].z_w*0.5+stcIMU_history[index][1].z_w*0.3+stcIMU_history[index][2].z_w*0.2;
SRC\JY901.c: 54 warnings, 0 errors
compiling usart45.c...
compiling usmart.c...
compiling usmart_config.c...
assembling startup_stm32f407xx.s...
compiling usmart_str.c...
compiling usart.c...
compiling system_stm32f4xx.c...
linking...
Program Size: Code=22974 RO-data=558 RW-data=940 ZI-data=2860  
".\Objects\imu485.axf" - 0 Error(s), 54 Warning(s).

<h2>Software Packages used:</h2>

Package Vendor: ARM
                http://www.keil.com/pack/ARM.CMSIS.5.4.0.pack
                ARM.CMSIS.5.4.0
                CMSIS (Cortex Microcontroller Software Interface Standard)
   * Component: CORE Version: 5.1.2

Package Vendor: Keil
                http://www.keil.com/pack/Keil.STM32F4xx_DFP.2.10.0.pack
                Keil.STM32F4xx_DFP.2.10.0
                STMicroelectronics STM32F4 Series Device Support, Drivers and Examples
   * Component: Startup Version: 2.5.0

<h2>Collection of Component include folders:</h2>
  .\RTE\_imu485
  C:\Keil_v5\ARM\PACK\ARM\CMSIS\5.4.0\CMSIS\Core\Include
  C:\Keil_v5\ARM\PACK\Keil\STM32F4xx_DFP\2.10.0\Drivers\CMSIS\Device\ST\STM32F4xx\Include

<h2>Collection of Component Files used:</h2>

   * Component: ARM::CMSIS:CORE:5.1.2

   * Component: Keil::Device:Startup:2.5.0
      Source file:   MDK\Device\Source\ARM\STM32F40xxx_41xxx_OPT.s
      Source file:   MDK\Device\Source\ARM\STM32F4xx_OTP.s
      Source file:   Drivers\CMSIS\Device\ST\STM32F4xx\Source\Templates\arm\startup_stm32f407xx.s
      Include file:  Drivers\CMSIS\Device\ST\STM32F4xx\Include\stm32f4xx.h
      Source file:   Drivers\CMSIS\Device\ST\STM32F4xx\Source\Templates\system_stm32f4xx.c
Build Time Elapsed:  00:00:04
</pre>
</body>
</html>
